<html>
<body>
<pre>
<h1>µVision Build Log</h1>
<h2>Tool Versions:</h2>
IDE-Version: ¦ÌVision V5.25.2.0
Copyright (C) 2018 ARM Ltd and ARM Germany GmbH. All rights reserved.
License Information: dai 8618632560969, 1, LIC=LSNXV-PULKF-HLXCL-0F0FZ-MK3DW-XYB2B
 
Tool Versions:
Toolchain:       MDK-ARM Plus  Version: 5.25.2.0
Toolchain Path:  F:\ARM\ARMCC\Bin
C Compiler:      Armcc.exe V5.06 update 6 (build 750)
Assembler:       Armasm.exe V5.06 update 6 (build 750)
Linker/Locator:  ArmLink.exe V5.06 update 6 (build 750)
Library Manager: ArmAr.exe V5.06 update 6 (build 750)
Hex Converter:   FromElf.exe V5.06 update 6 (build 750)
CPU DLL:         SARMCM3.DLL V5.25.2.0
Dialog DLL:      DCM.DLL V1.17.1.0
Target DLL:      Segger\JL2CM3.dll V2.99.29.0
Dialog DLL:      TCM.DLL V1.35.1.0
 
<h2>Project:</h2>
D:\Robomaster\Infantry\F405_SuperPower\F405_chassis\User\HUST RM .uvprojx
Project File Date:  01/12/2022

<h2>Output:</h2>
*** Using Compiler 'V5.06 update 6 (build 750)', folder: 'F:\ARM\ARMCC\Bin'
Build target 'Target 1'
compiling stm32f4xx_it.c...
compiling adc.c...
compiling uart4.c...
compiling ina260.c...
..\Mylib\ina260.c(22): warning:  #1035-D: single-precision operand implicitly converted to double-precision
  	INA260_1.Current = LSB_VOLTAGE*Cur;
..\Mylib\ina260.c(24): warning:  #1035-D: single-precision operand implicitly converted to double-precision
  	INA260_2.Current = LSB_CURRENT*Cur;
..\Mylib\ina260.c(36): warning:  #1035-D: single-precision operand implicitly converted to double-precision
  	INA260_1.Voltage = LSB_VOLTAGE*Vol;
..\Mylib\ina260.c(38): warning:  #1035-D: single-precision operand implicitly converted to double-precision
  	INA260_2.Voltage = LSB_VOLTAGE*Vol;
..\Mylib\ina260.c: 4 warnings, 0 errors
compiling main.c...
compiling usart2.c...
compiling tim2.c...
compiling tim4.c...
compiling i2c.c...
compiling iwdg.c...
compiling dac.c...
compiling can2.c...
compiling misc.c...
compiling stm32f4xx_adc.c...
compiling stm32f4xx_can.c...
compiling stm32f4xx_exti.c...
compiling stm32f4xx_syscfg.c...
compiling stm32f4xx_dma.c...
compiling stm32f4xx_gpio.c...
compiling stm32f4xx_flash.c...
compiling can1.c...
compiling stm32f4xx_tim.c...
compiling stm32f4xx_usart.c...
compiling stm32f4xx_rcc.c...
compiling stm32f4xx_dac.c...
compiling CharSendTask.c...
compiling ChassisTask.c...
compiling StartTask.c...
compiling DataReceiveTask.c...
compiling DataSendTask.c...
compiling PowerControlTask.c...
..\Task\PowerControlTask.c(84): warning:  #1035-D: single-precision operand implicitly converted to double-precision
  	temp_temperature = (1.43-temp_temperature)/0.0043+25;
..\Task\PowerControlTask.c(86): warning:  #1035-D: single-precision operand implicitly converted to double-precision
  	AD_actual_value = UCAP*7.8;
..\Task\PowerControlTask.c(183): warning:  #1035-D: single-precision operand implicitly converted to double-precision
  	DAC_Set = I_Set/10.0*2/3.3*4096;
..\Task\PowerControlTask.c(16): warning:  #550-D: variable "tx_message"  was set but never used
  static CanTxMsg tx_message;
..\Task\PowerControlTask.c: 4 warnings, 0 errors
compiling algorithmOfCRC.c...
compiling GraphicsSendTask.c...
..\Task\GraphicsSendTask.c(241): warning:  #177-D: variable "i"  was declared but never referenced
  	static int i;
..\Task\GraphicsSendTask.c: 1 warning, 0 errors
compiling DataScope_DP.C...
..\Algorithm\DataScope_DP.C(61): warning:  #111-D: statement is unreachable
  		 case 1:   DataScope_OutPut_Buffer[5]  =  5; return  6; break;   
..\Algorithm\DataScope_DP.C(62): warning:  #111-D: statement is unreachable
  		 case 2:   DataScope_OutPut_Buffer[9]  =  9; return 10; break;
..\Algorithm\DataScope_DP.C(63): warning:  #111-D: statement is unreachable
  		 case 3:   DataScope_OutPut_Buffer[13] = 13; return 14; break;
..\Algorithm\DataScope_DP.C(64): warning:  #111-D: statement is unreachable
  		 case 4:   DataScope_OutPut_Buffer[17] = 17; return 18; break;
..\Algorithm\DataScope_DP.C(65): warning:  #111-D: statement is unreachable
  		 case 5:   DataScope_OutPut_Buffer[21] = 21; return 22; break; 
..\Algorithm\DataScope_DP.C(66): warning:  #111-D: statement is unreachable
  		 case 6:   DataScope_OutPut_Buffer[25] = 25; return 26; break;
..\Algorithm\DataScope_DP.C(67): warning:  #111-D: statement is unreachable
  		 case 7:   DataScope_OutPut_Buffer[29] = 29; return 30; break;
..\Algorithm\DataScope_DP.C(68): warning:  #111-D: statement is unreachable
  		 case 8:   DataScope_OutPut_Buffer[33] = 33; return 34; break;
..\Algorithm\DataScope_DP.C(69): warning:  #111-D: statement is unreachable
  		 case 9:   DataScope_OutPut_Buffer[37] = 37; return 38; break;
..\Algorithm\DataScope_DP.C(70): warning:  #111-D: statement is unreachable
       case 10:  DataScope_OutPut_Buffer[41] = 41; return 42; break;
..\Algorithm\DataScope_DP.C: 10 warnings, 0 errors
compiling pid.c...
compiling FIR.c...
compiling croutine.c...
compiling list.c...
compiling event_groups.c...
compiling timers.c...
compiling heap_4.c...
compiling queue.c...
compiling port.c...
compiling tasks.c...
linking...
Program Size: Code=30684 RO-data=1220 RW-data=892 ZI-data=13892  
".\Objects\HUST RM.axf" - 0 Error(s), 19 Warning(s).

<h2>Software Packages used:</h2>

Package Vendor: Keil
                http://www.keil.com/pack/Keil.STM32F4xx_DFP.2.4.0.pack
                Keil.STM32F4xx_DFP.2.4.0
                STMicroelectronics STM32F4 Series Device Support, Drivers and Examples

<h2>Collection of Component include folders:</h2>
  .\RTE\_Target_1
  F:\Keil\STM32F4xx_DFP\2.4.0\Drivers\CMSIS\Device\ST\STM32F4xx\Include

<h2>Collection of Component Files used:</h2>
Build Time Elapsed:  00:00:06
</pre>
</body>
</html>
