<html>
<body>
<pre>
<h1>µVision Build Log</h1>
<h2>Tool Versions:</h2>
IDE-Version: ¦ÌVision V5.25.2.0
Copyright (C) 2018 ARM Ltd and ARM Germany GmbH. All rights reserved.
License Information: dai 8618632560969, 1, LIC=LSNXV-PULKF-HLXCL-0F0FZ-MK3DW-XYB2B
 
Tool Versions:
Toolchain:       MDK-ARM Plus  Version: 5.25.2.0
Toolchain Path:  F:\ARM\ARMCC\Bin
C Compiler:      Armcc.exe V5.06 update 6 (build 750)
Assembler:       Armasm.exe V5.06 update 6 (build 750)
Linker/Locator:  ArmLink.exe V5.06 update 6 (build 750)
Library Manager: ArmAr.exe V5.06 update 6 (build 750)
Hex Converter:   FromElf.exe V5.06 update 6 (build 750)
CPU DLL:         SARMCM3.DLL V5.25.2.0
Dialog DLL:      DCM.DLL V1.17.1.0
Target DLL:      Segger\JL2CM3.dll V2.99.29.0
Dialog DLL:      TCM.DLL V1.35.1.0
 
<h2>Project:</h2>
D:\Robomaster\Infantry\F405_SuperPower\F405_chassis\User\HUST RM .uvprojx
Project File Date:  12/24/2021

<h2>Output:</h2>
*** Using Compiler 'V5.06 update 6 (build 750)', folder: 'F:\ARM\ARMCC\Bin'
Build target 'Target 1'
compiling PowerControlTask.c...
..\Task\PowerControlTask.c(84): warning:  #1035-D: single-precision operand implicitly converted to double-precision
  	temp_temperature = (1.43-temp_temperature)/0.0043+25;
..\Task\PowerControlTask.c(86): warning:  #1035-D: single-precision operand implicitly converted to double-precision
  	AD_actual_value = UCAP*7.8;
..\Task\PowerControlTask.c(183): warning:  #1035-D: single-precision operand implicitly converted to double-precision
  	DAC_Set = I_Set/10.0*2/3.3*4096;
..\Task\PowerControlTask.c(16): warning:  #550-D: variable "tx_message"  was set but never used
  static CanTxMsg tx_message;
..\Task\PowerControlTask.c: 4 warnings, 0 errors
compiling ChassisTask.c...
linking...
Program Size: Code=30684 RO-data=1220 RW-data=892 ZI-data=13892  
".\Objects\HUST RM.axf" - 0 Error(s), 4 Warning(s).

<h2>Software Packages used:</h2>

Package Vendor: Keil
                http://www.keil.com/pack/Keil.STM32F4xx_DFP.2.4.0.pack
                Keil.STM32F4xx_DFP.2.4.0
                STMicroelectronics STM32F4 Series Device Support, Drivers and Examples

<h2>Collection of Component include folders:</h2>
  .\RTE\_Target_1
  F:\Keil\STM32F4xx_DFP\2.4.0\Drivers\CMSIS\Device\ST\STM32F4xx\Include

<h2>Collection of Component Files used:</h2>
Build Time Elapsed:  00:00:01
</pre>
</body>
</html>
