Component: ARM Compiler 5.06 update 6 (build 750) Tool: armlink [4d35ed]

==============================================================================

Section Cross References

    main.o(i.Offline_Check_task) refers to datareceivetask.o(i.F405_Rst) for F405_Rst
    main.o(i.Offline_Check_task) refers to iwdg.o(i.IWDG_Feed) for IWDG_Feed
    main.o(i.Offline_Check_task) refers to tasks.o(i.vTaskDelay) for vTaskDelay
    main.o(i.Offline_Check_task) refers to tasks.o(i.uxTaskGetStackHighWaterMark) for uxTaskGetStackHighWaterMark
    main.o(i.Offline_Check_task) refers to datareceivetask.o(.data) for F405_DisConnect
    main.o(i.Offline_Check_task) refers to main.o(.data) for Offline_Check_high_water
    main.o(i.System_Config) refers to adc.o(i.ADC_Configuration) for ADC_Configuration
    main.o(i.System_Config) refers to dac.o(i.DAC1_Init) for DAC1_Init
    main.o(i.System_Config) refers to can1.o(i.CAN1_Configuration) for CAN1_Configuration
    main.o(i.System_Config) refers to can2.o(i.CAN2_Configuration) for CAN2_Configuration
    main.o(i.System_Config) refers to usart2.o(i.USART2_Configuration) for USART2_Configuration
    main.o(i.System_Config) refers to uart4.o(i.UART4_Configuration) for UART4_Configuration
    main.o(i.System_Config) refers to tim2.o(i.TIM2_Configuration) for TIM2_Configuration
    main.o(i.System_Config) refers to tim4.o(i.TIM4_Configuration) for TIM4_Configuration
    main.o(i.System_Config) refers to iwdg.o(i.IWDG_Config) for IWDG_Config
    main.o(i.System_Config) refers to i2c.o(i.i2c_init) for i2c_init
    main.o(i.System_Config) refers to powercontroltask.o(i.ChargeIO_Configuration) for ChargeIO_Configuration
    main.o(i.System_Config) refers to stm32f4xx_gpio.o(i.GPIO_ResetBits) for GPIO_ResetBits
    main.o(i.System_Config) refers to tim2.o(i.delay_us) for delay_us
    main.o(i.System_Init) refers to powercontroltask.o(i.Pid_ChargeCal_Init) for Pid_ChargeCal_Init
    main.o(i.System_Init) refers to chassistask.o(i.Pid_ChassisWheelInit) for Pid_ChassisWheelInit
    main.o(i.System_Init) refers to chassistask.o(i.Chassis_Power_Control_Init) for Chassis_Power_Control_Init
    main.o(i.main) refers to main.o(i.System_Config) for System_Config
    main.o(i.main) refers to main.o(i.System_Init) for System_Init
    main.o(i.main) refers to starttask.o(i.startTast) for startTast
    main.o(i.main) refers to tasks.o(i.vTaskStartScheduler) for vTaskStartScheduler
    system_stm32f4xx.o(i.SystemCoreClockUpdate) refers to system_stm32f4xx.o(.data) for SystemCoreClock
    system_stm32f4xx.o(i.SystemInit) refers to system_stm32f4xx.o(i.SetSysClock) for SetSysClock
    adc.o(i.ADC_Configuration) refers to stm32f4xx_rcc.o(i.RCC_AHB1PeriphClockCmd) for RCC_AHB1PeriphClockCmd
    adc.o(i.ADC_Configuration) refers to stm32f4xx_rcc.o(i.RCC_APB2PeriphClockCmd) for RCC_APB2PeriphClockCmd
    adc.o(i.ADC_Configuration) refers to stm32f4xx_gpio.o(i.GPIO_Init) for GPIO_Init
    adc.o(i.ADC_Configuration) refers to stm32f4xx_dma.o(i.DMA_DeInit) for DMA_DeInit
    adc.o(i.ADC_Configuration) refers to stm32f4xx_dma.o(i.DMA_Init) for DMA_Init
    adc.o(i.ADC_Configuration) refers to stm32f4xx_dma.o(i.DMA_Cmd) for DMA_Cmd
    adc.o(i.ADC_Configuration) refers to stm32f4xx_adc.o(i.ADC_CommonInit) for ADC_CommonInit
    adc.o(i.ADC_Configuration) refers to stm32f4xx_adc.o(i.ADC_Init) for ADC_Init
    adc.o(i.ADC_Configuration) refers to stm32f4xx_adc.o(i.ADC_TempSensorVrefintCmd) for ADC_TempSensorVrefintCmd
    adc.o(i.ADC_Configuration) refers to stm32f4xx_adc.o(i.ADC_RegularChannelConfig) for ADC_RegularChannelConfig
    adc.o(i.ADC_Configuration) refers to stm32f4xx_adc.o(i.ADC_DMACmd) for ADC_DMACmd
    adc.o(i.ADC_Configuration) refers to stm32f4xx_adc.o(i.ADC_Cmd) for ADC_Cmd
    adc.o(i.ADC_Configuration) refers to stm32f4xx_adc.o(i.ADC_SoftwareStartConv) for ADC_SoftwareStartConv
    adc.o(i.ADC_Configuration) refers to adc.o(.bss) for ADC_ConvertedValue
    usart2.o(i.USART2_Configuration) refers to stm32f4xx_rcc.o(i.RCC_AHB1PeriphClockCmd) for RCC_AHB1PeriphClockCmd
    usart2.o(i.USART2_Configuration) refers to stm32f4xx_rcc.o(i.RCC_APB1PeriphClockCmd) for RCC_APB1PeriphClockCmd
    usart2.o(i.USART2_Configuration) refers to stm32f4xx_gpio.o(i.GPIO_PinAFConfig) for GPIO_PinAFConfig
    usart2.o(i.USART2_Configuration) refers to stm32f4xx_gpio.o(i.GPIO_Init) for GPIO_Init
    usart2.o(i.USART2_Configuration) refers to stm32f4xx_usart.o(i.USART_DeInit) for USART_DeInit
    usart2.o(i.USART2_Configuration) refers to stm32f4xx_usart.o(i.USART_Init) for USART_Init
    usart2.o(i.USART2_Configuration) refers to stm32f4xx_usart.o(i.USART_Cmd) for USART_Cmd
    usart2.o(i.USART2_Configuration) refers to misc.o(i.NVIC_Init) for NVIC_Init
    uart4.o(i.DMA1_Stream2_IRQHandler) refers to stm32f4xx_dma.o(i.DMA_GetFlagStatus) for DMA_GetFlagStatus
    uart4.o(i.DMA1_Stream2_IRQHandler) refers to stm32f4xx_dma.o(i.DMA_ClearFlag) for DMA_ClearFlag
[...]
    prvResetNextTaskUnblockTime              0x080051f1   Thumb Code    42  tasks.o(i.prvResetNextTaskUnblockTime)
    i.prvTaskCheckFreeStackSpace             0x08005224   Section        0  tasks.o(i.prvTaskCheckFreeStackSpace)
    prvTaskCheckFreeStackSpace               0x08005225   Thumb Code    22  tasks.o(i.prvTaskCheckFreeStackSpace)
    i.prvTaskExitError                       0x0800523a   Section        0  port.o(i.prvTaskExitError)
    prvTaskExitError                         0x0800523b   Thumb Code    22  port.o(i.prvTaskExitError)
    i.pvPortMalloc                           0x08005250   Section        0  heap_4.o(i.pvPortMalloc)
    i.pxPortInitialiseStack                  0x08005320   Section        0  port.o(i.pxPortInitialiseStack)
    i.referee_data_load_Graphic              0x0800534c   Section        0  graphicssendtask.o(i.referee_data_load_Graphic)
    i.referee_data_load_String               0x08006704   Section        0  charsendtask.o(i.referee_data_load_String)
    i.referee_data_pack_handle               0x080070b8   Section        0  graphicssendtask.o(i.referee_data_pack_handle)
    i.startTast                              0x08007160   Section        0  starttask.o(i.startTast)
    i.start_task                             0x0800718c   Section        0  starttask.o(i.start_task)
    i.uxListRemove                           0x080072b4   Section        0  list.o(i.uxListRemove)
    i.uxTaskGetStackHighWaterMark            0x080072dc   Section        0  tasks.o(i.uxTaskGetStackHighWaterMark)
    i.vListInitialise                        0x08007304   Section        0  list.o(i.vListInitialise)
    i.vListInitialiseItem                    0x0800731e   Section        0  list.o(i.vListInitialiseItem)
    i.vListInsert                            0x08007324   Section        0  list.o(i.vListInsert)
    i.vListInsertEnd                         0x08007358   Section        0  list.o(i.vListInsertEnd)
    i.vPortEnterCritical                     0x08007370   Section        0  port.o(i.vPortEnterCritical)
    i.vPortExitCritical                      0x08007394   Section        0  port.o(i.vPortExitCritical)
    i.vPortFree                              0x080073b4   Section        0  heap_4.o(i.vPortFree)
    i.vPortSetupTimerInterrupt               0x080073fc   Section        0  port.o(i.vPortSetupTimerInterrupt)
    i.vTaskDelay                             0x0800741c   Section        0  tasks.o(i.vTaskDelay)
    i.vTaskDelayUntil                        0x08007450   Section        0  tasks.o(i.vTaskDelayUntil)
    i.vTaskDelete                            0x080074c4   Section        0  tasks.o(i.vTaskDelete)
    i.vTaskStartScheduler                    0x08007590   Section        0  tasks.o(i.vTaskStartScheduler)
    i.vTaskSuspendAll                        0x080075fc   Section        0  tasks.o(i.vTaskSuspendAll)
    i.vTaskSwitchContext                     0x0800760c   Section        0  tasks.o(i.vTaskSwitchContext)
    i.xPortStartScheduler                    0x080076ac   Section        0  port.o(i.xPortStartScheduler)
    i.xTaskCreate                            0x080076f4   Section        0  tasks.o(i.xTaskCreate)
    i.xTaskGetTickCount                      0x08007754   Section        0  tasks.o(i.xTaskGetTickCount)
    i.xTaskIncrementTick                     0x08007760   Section        0  tasks.o(i.xTaskIncrementTick)
    i.xTaskResumeAll                         0x0800787c   Section        0  tasks.o(i.xTaskResumeAll)
    .constdata                               0x08007964   Section      770  algorithmofcrc.o(.constdata)
    .constdata                               0x08007c68   Section       24  fir.o(.constdata)
    .data                                    0x20000000   Section        8  main.o(.data)
    .data                                    0x20000008   Section       20  system_stm32f4xx.o(.data)
    .data                                    0x2000001c   Section        4  tim4.o(.data)
    .data                                    0x20000020   Section        4  tim2.o(.data)
    .data                                    0x20000024   Section       16  stm32f4xx_rcc.o(.data)
    APBAHBPrescTable                         0x20000024   Data          16  stm32f4xx_rcc.o(.data)
    .data                                    0x20000034   Section      200  charsendtask.o(.data)
    tick                                     0x20000084   Data           4  charsendtask.o(.data)
    Mag_State                                0x20000088   Data          12  charsendtask.o(.data)
    Gimbal_State                             0x20000094   Data          35  charsendtask.o(.data)
    Chassis_State                            0x200000b7   Data          45  charsendtask.o(.data)
    Laser_State                              0x200000e4   Data           8  charsendtask.o(.data)
    last_Mag                                 0x200000ec   Data           1  charsendtask.o(.data)
    last_Gimbal                              0x200000ed   Data           1  charsendtask.o(.data)
    last_Chassis                             0x200000ee   Data           1  charsendtask.o(.data)
    last_Laser                               0x200000ef   Data           1  charsendtask.o(.data)
    last_Follow                              0x200000f0   Data           1  charsendtask.o(.data)
    delete_flag                              0x200000f4   Data           4  charsendtask.o(.data)
    tick                                     0x200000f8   Data           4  charsendtask.o(.data)
    .data                                    0x200000fc   Section       96  chassistask.o(.data)
    PN                                       0x20000138   Data           2  chassistask.o(.data)
    last_PN                                  0x2000013a   Data           2  chassistask.o(.data)
    k_xy                                     0x2000013c   Data           4  chassistask.o(.data)
    k_CAP                                    0x20000140   Data           4  chassistask.o(.data)
    carSpeedw                                0x20000144   Data           2  chassistask.o(.data)
    Angular_Velocity                         0x20000146   Data           2  chassistask.o(.data)
    W_Chassis_t                              0x20000148   Data           4  chassistask.o(.data)
    W_k                                      0x2000014c   Data           4  chassistask.o(.data)
    EnergyMargin                             0x20000150   Data           2  chassistask.o(.data)
    My_P_max                                 0x20000154   Data           4  chassistask.o(.data)
    k_ExcessPower                            0x20000158   Data           4  chassistask.o(.data)
    .data                                    0x2000015c   Section        6  datareceivetask.o(.data)
    .data                                    0x20000164   Section      332  graphicssendtask.o(.data)
    pitch                                    0x2000028c   Data           4  graphicssendtask.o(.data)
    pack_tick                                0x20000290   Data           4  graphicssendtask.o(.data)
    pitch                                    0x20000294   Data           4  graphicssendtask.o(.data)
    i                                        0x20000298   Data           4  graphicssendtask.o(.data)
    last_pitch_100                           0x2000029c   Data           4  graphicssendtask.o(.data)
    last_Buff_Flag                           0x200002a0   Data           4  graphicssendtask.o(.data)
    tick                                     0x200002a4   Data           4  graphicssendtask.o(.data)
    char_change_state                        0x200002a8   Data           4  graphicssendtask.o(.data)
    graphic_change_state                     0x200002ac   Data           4  graphicssendtask.o(.data)
    .data                                    0x200002b0   Section       72  powercontroltask.o(.data)
    .data                                    0x200002f8   Section       32  starttask.o(.data)
    StartTask_Handler                        0x200002fc   Data           4  starttask.o(.data)
    CPUTask_Handler                          0x20000300   Data           4  starttask.o(.data)
    Char_Handler                             0x20000304   Data           4  starttask.o(.data)
    Graphic_Handler                          0x20000308   Data           4  starttask.o(.data)
    OfflineCheckTask_Handler                 0x2000030c   Data           4  starttask.o(.data)
    PowerControlTask_Handler                 0x20000310   Data           4  starttask.o(.data)
    ChassisTask_Handler                      0x20000314   Data           4  starttask.o(.data)
    .data                                    0x20000318   Section        2  algorithmofcrc.o(.data)
    .data                                    0x2000031c   Section       68  tasks.o(.data)
    pxDelayedTaskList                        0x20000320   Data           4  tasks.o(.data)
    pxOverflowDelayedTaskList                0x20000324   Data           4  tasks.o(.data)
    uxDeletedTasksWaitingCleanUp             0x20000328   Data           4  tasks.o(.data)
    uxCurrentNumberOfTasks                   0x2000032c   Data           4  tasks.o(.data)
    xTickCount                               0x20000330   Data           4  tasks.o(.data)
    uxTopReadyPriority                       0x20000334   Data           4  tasks.o(.data)
    xSchedulerRunning                        0x20000338   Data           4  tasks.o(.data)
    uxPendedTicks                            0x2000033c   Data           4  tasks.o(.data)
    xYieldPending                            0x20000340   Data           4  tasks.o(.data)
    xNumOfOverflows                          0x20000344   Data           4  tasks.o(.data)
    uxTaskNumber                             0x20000348   Data           4  tasks.o(.data)
    xNextTaskUnblockTime                     0x2000034c   Data           4  tasks.o(.data)
    xIdleTaskHandle                          0x20000350   Data           4  tasks.o(.data)
    uxSchedulerSuspended                     0x20000354   Data           4  tasks.o(.data)
    ulTaskSwitchedInTime                     0x20000358   Data           4  tasks.o(.data)
    ulTotalRunTime                           0x2000035c   Data           4  tasks.o(.data)
    .data                                    0x20000360   Section       24  heap_4.o(.data)
    xStart                                   0x20000360   Data           8  heap_4.o(.data)
    pxEnd                                    0x20000368   Data           4  heap_4.o(.data)
    xFreeBytesRemaining                      0x2000036c   Data           4  heap_4.o(.data)
    xMinimumEverFreeBytesRemaining           0x20000370   Data           4  heap_4.o(.data)
    xBlockAllocatedBit                       0x20000374   Data           4  heap_4.o(.data)
    .data                                    0x20000378   Section        4  port.o(.data)
    uxCriticalNesting                        0x20000378   Data           4  port.o(.data)
    .bss                                     0x2000037c   Section      180  adc.o(.bss)
    .bss                                     0x20000430   Section      173  uart4.o(.bss)
    .bss                                     0x200004e0   Section       32  ina260.o(.bss)
    .bss                                     0x20000500   Section       20  can2.o(.bss)
    .bss                                     0x20000514   Section       20  can1.o(.bss)
    .bss                                     0x20000528   Section       67  charsendtask.o(.bss)
    .bss                                     0x2000056c   Section      736  chassistask.o(.bss)
    tx_message                               0x20000838   Data          20  chassistask.o(.bss)
    .bss                                     0x2000084c   Section      182  datareceivetask.o(.bss)
    .bss                                     0x20000904   Section      264  graphicssendtask.o(.bss)
    last_color_array                         0x200009e8   Data          36  graphicssendtask.o(.bss)
    .bss                                     0x20000a0c   Section       80  powercontroltask.o(.bss)
    tx_message                               0x20000a48   Data          20  powercontroltask.o(.bss)
    .bss                                     0x20000a5c   Section      128  fir.o(.bss)
    .bss                                     0x20000adc   Section      740  tasks.o(.bss)
    pxReadyTasksLists                        0x20000adc   Data         640  tasks.o(.bss)
    xDelayedTaskList1                        0x20000d5c   Data          20  tasks.o(.bss)
    xDelayedTaskList2                        0x20000d70   Data          20  tasks.o(.bss)
    xPendingReadyList                        0x20000d84   Data          20  tasks.o(.bss)
    xTasksWaitingTermination                 0x20000d98   Data          20  tasks.o(.bss)
    xSuspendedTaskList                       0x20000dac   Data          20  tasks.o(.bss)
    .bss                                     0x20000dc0   Section    10240  heap_4.o(.bss)
    ucHeap                                   0x20000dc0   Data       10240  heap_4.o(.bss)
    STACK                                    0x200035c0   Section     1024  startup_stm32f40_41xxx.o(STACK)

    Global Symbols

    Symbol Name                              Value     Ov Type        Size  Object(Section)

    BuildAttributes$$THM_ISAv4$E$P$D$K$B$S$7EM$VFPi3$EXTD16$VFPS$VFMA$PE$A:L22UL41UL21$X:L11$S22US41US21$IEEE1$IW$USESV6$~STKCKD$USESV7$~SHL$OTIME$ROPI$EBA8$MICROLIB$REQ8$PRES8$EABIv2 0x00000000   Number         0  anon$$obj.o ABSOLUTE
    __ARM_use_no_argv                        0x00000000   Number         0  main.o ABSOLUTE
    _printf_a                                0x00000000   Number         0  stubs.o ABSOLUTE
    _printf_c                                0x00000000   Number         0  stubs.o ABSOLUTE
    _printf_charcount                        0x00000000   Number         0  stubs.o ABSOLUTE
    _printf_d                                0x00000000   Number         0  stubs.o ABSOLUTE
    _printf_e                                0x00000000   Number         0  stubs.o ABSOLUTE
    _printf_f                                0x00000000   Number         0  stubs.o ABSOLUTE
    _printf_flags                            0x00000000   Number         0  stubs.o ABSOLUTE
    _printf_fp_dec                           0x00000000   Number         0  stubs.o ABSOLUTE
    _printf_fp_hex                           0x00000000   Number         0  stubs.o ABSOLUTE
    _printf_g                                0x00000000   Number         0  stubs.o ABSOLUTE
    _printf_i                                0x00000000   Number         0  stubs.o ABSOLUTE
    _printf_int_dec                          0x00000000   Number         0  stubs.o ABSOLUTE
    _printf_l                                0x00000000   Number         0  stubs.o ABSOLUTE
    _printf_lc                               0x00000000   Number         0  stubs.o ABSOLUTE
    _printf_ll                               0x00000000   Number         0  stubs.o ABSOLUTE
    _printf_lld                              0x00000000   Number         0  stubs.o ABSOLUTE
    _printf_lli                              0x00000000   Number         0  stubs.o ABSOLUTE
    _printf_llo                              0x00000000   Number         0  stubs.o ABSOLUTE
    _printf_llu                              0x00000000   Number         0  stubs.o ABSOLUTE
    _printf_llx                              0x00000000   Number         0  stubs.o ABSOLUTE
    _printf_longlong_dec                     0x00000000   Number         0  stubs.o ABSOLUTE
    _printf_longlong_hex                     0x00000000   Number         0  stubs.o ABSOLUTE
    _printf_longlong_oct                     0x00000000   Number         0  stubs.o ABSOLUTE
    _printf_ls                               0x00000000   Number         0  stubs.o ABSOLUTE
    _printf_mbtowc                           0x00000000   Number         0  stubs.o ABSOLUTE
    _printf_n                                0x00000000   Number         0  stubs.o ABSOLUTE
    _printf_o                                0x00000000   Number         0  stubs.o ABSOLUTE
    _printf_p                                0x00000000   Number         0  stubs.o ABSOLUTE
    _printf_percent                          0x00000000   Number         0  stubs.o ABSOLUTE
    _printf_pre_padding                      0x00000000   Number         0  stubs.o ABSOLUTE
    _printf_return_value                     0x00000000   Number         0  stubs.o ABSOLUTE
    _printf_s                                0x00000000   Number         0  stubs.o ABSOLUTE
    _printf_sizespec                         0x00000000   Number         0  stubs.o ABSOLUTE
    _printf_str                              0x00000000   Number         0  stubs.o ABSOLUTE
    _printf_truncate_signed                  0x00000000   Number         0  stubs.o ABSOLUTE
    _printf_truncate_unsigned                0x00000000   Number         0  stubs.o ABSOLUTE
    _printf_u                                0x00000000   Number         0  stubs.o ABSOLUTE
    _printf_wc                               0x00000000   Number         0  stubs.o ABSOLUTE
    _printf_wctomb                           0x00000000   Number         0  stubs.o ABSOLUTE
    _printf_widthprec                        0x00000000   Number         0  stubs.o ABSOLUTE
    _printf_x                                0x00000000   Number         0  stubs.o ABSOLUTE
    __cpp_initialize__aeabi_                  - Undefined Weak Reference
    __cxa_finalize                            - Undefined Weak Reference
    _clock_init                               - Undefined Weak Reference
    _microlib_exit                            - Undefined Weak Reference
    __Vectors_Size                           0x00000188   Number         0  startup_stm32f40_41xxx.o ABSOLUTE
    __Vectors                                0x08000000   Data           4  startup_stm32f40_41xxx.o(RESET)
    __Vectors_End                            0x08000188   Data           0  startup_stm32f40_41xxx.o(RESET)
    __main                                   0x08000189   Thumb Code     0  entry.o(.ARM.Collect$$$$00000000)
    _main_stk                                0x08000189   Thumb Code     0  entry2.o(.ARM.Collect$$$$00000001)
    _main_scatterload                        0x0800018d   Thumb Code     0  entry5.o(.ARM.Collect$$$$00000004)
    __main_after_scatterload                 0x08000191   Thumb Code     0  entry5.o(.ARM.Collect$$$$00000004)
    _main_clock                              0x08000191   Thumb Code     0  entry7b.o(.ARM.Collect$$$$00000008)
    _main_cpp_init                           0x08000191   Thumb Code     0  entry8b.o(.ARM.Collect$$$$0000000A)
    _main_init                               0x08000191   Thumb Code     0  entry9a.o(.ARM.Collect$$$$0000000B)
    __rt_final_cpp                           0x08000199   Thumb Code     0  entry10a.o(.ARM.Collect$$$$0000000D)
    __rt_final_exit                          0x08000199   Thumb Code     0  entry11a.o(.ARM.Collect$$$$0000000F)
    SVC_Handler                              0x0800019d   Thumb Code    28  port.o(.emb_text)
    __asm___6_port_c_39a90d8d__prvStartFirstTask 0x080001bd   Thumb Code    28  port.o(.emb_text)
    __asm___6_port_c_39a90d8d__prvEnableVFP  0x080001dd   Thumb Code    16  port.o(.emb_text)
    PendSV_Handler                           0x080001f1   Thumb Code    88  port.o(.emb_text)
    vPortGetIPSR                             0x0800024d   Thumb Code     6  port.o(.emb_text)
    Reset_Handler                            0x08000255   Thumb Code     8  startup_stm32f40_41xxx.o(.text)
    ADC_IRQHandler                           0x0800026f   Thumb Code     0  startup_stm32f40_41xxx.o(.text)
    CAN1_RX1_IRQHandler                      0x0800026f   Thumb Code     0  startup_stm32f40_41xxx.o(.text)
    CAN1_SCE_IRQHandler                      0x0800026f   Thumb Code     0  startup_stm32f40_41xxx.o(.text)
    CAN1_TX_IRQHandler                       0x0800026f   Thumb Code     0  startup_stm32f40_41xxx.o(.text)
    CAN2_RX0_IRQHandler                      0x0800026f   Thumb Code     0  startup_stm32f40_41xxx.o(.text)
    CAN2_SCE_IRQHandler                      0x0800026f   Thumb Code     0  startup_stm32f40_41xxx.o(.text)
    CAN2_TX_IRQHandler                       0x0800026f   Thumb Code     0  startup_stm32f40_41xxx.o(.text)
    CRYP_IRQHandler                          0x0800026f   Thumb Code     0  startup_stm32f40_41xxx.o(.text)
    DCMI_IRQHandler                          0x0800026f   Thumb Code     0  startup_stm32f40_41xxx.o(.text)
    DMA1_Stream0_IRQHandler                  0x0800026f   Thumb Code     0  startup_stm32f40_41xxx.o(.text)
    DMA1_Stream1_IRQHandler                  0x0800026f   Thumb Code     0  startup_stm32f40_41xxx.o(.text)
    DMA1_Stream3_IRQHandler                  0x0800026f   Thumb Code     0  startup_stm32f40_41xxx.o(.text)
    DMA1_Stream5_IRQHandler                  0x0800026f   Thumb Code     0  startup_stm32f40_41xxx.o(.text)
    DMA1_Stream6_IRQHandler                  0x0800026f   Thumb Code     0  startup_stm32f40_41xxx.o(.text)
    DMA1_Stream7_IRQHandler                  0x0800026f   Thumb Code     0  startup_stm32f40_41xxx.o(.text)
    DMA2_Stream0_IRQHandler                  0x0800026f   Thumb Code     0  startup_stm32f40_41xxx.o(.text)
    DMA2_Stream1_IRQHandler                  0x0800026f   Thumb Code     0  startup_stm32f40_41xxx.o(.text)
    DMA2_Stream2_IRQHandler                  0x0800026f   Thumb Code     0  startup_stm32f40_41xxx.o(.text)
    DMA2_Stream3_IRQHandler                  0x0800026f   Thumb Code     0  startup_stm32f40_41xxx.o(.text)
    DMA2_Stream4_IRQHandler                  0x0800026f   Thumb Code     0  startup_stm32f40_41xxx.o(.text)
    DMA2_Stream5_IRQHandler                  0x0800026f   Thumb Code     0  startup_stm32f40_41xxx.o(.text)
    DMA2_Stream6_IRQHandler                  0x0800026f   Thumb Code     0  startup_stm32f40_41xxx.o(.text)
    DMA2_Stream7_IRQHandler                  0x0800026f   Thumb Code     0  startup_stm32f40_41xxx.o(.text)
    ETH_IRQHandler                           0x0800026f   Thumb Code     0  startup_stm32f40_41xxx.o(.text)
    ETH_WKUP_IRQHandler                      0x0800026f   Thumb Code     0  startup_stm32f40_41xxx.o(.text)
    EXTI0_IRQHandler                         0x0800026f   Thumb Code     0  startup_stm32f40_41xxx.o(.text)
    EXTI15_10_IRQHandler                     0x0800026f   Thumb Code     0  startup_stm32f40_41xxx.o(.text)
    EXTI1_IRQHandler                         0x0800026f   Thumb Code     0  startup_stm32f40_41xxx.o(.text)
    EXTI2_IRQHandler                         0x0800026f   Thumb Code     0  startup_stm32f40_41xxx.o(.text)
    EXTI3_IRQHandler                         0x0800026f   Thumb Code     0  startup_stm32f40_41xxx.o(.text)
    EXTI4_IRQHandler                         0x0800026f   Thumb Code     0  startup_stm32f40_41xxx.o(.text)
    EXTI9_5_IRQHandler                       0x0800026f   Thumb Code     0  startup_stm32f40_41xxx.o(.text)
    FLASH_IRQHandler                         0x0800026f   Thumb Code     0  startup_stm32f40_41xxx.o(.text)
    FPU_IRQHandler                           0x0800026f   Thumb Code     0  startup_stm32f40_41xxx.o(.text)
    FSMC_IRQHandler                          0x0800026f   Thumb Code     0  startup_stm32f40_41xxx.o(.text)
    HASH_RNG_IRQHandler                      0x0800026f   Thumb Code     0  startup_stm32f40_41xxx.o(.text)
    I2C1_ER_IRQHandler                       0x0800026f   Thumb Code     0  startup_stm32f40_41xxx.o(.text)
    I2C1_EV_IRQHandler                       0x0800026f   Thumb Code     0  startup_stm32f40_41xxx.o(.text)
    I2C2_ER_IRQHandler                       0x0800026f   Thumb Code     0  startup_stm32f40_41xxx.o(.text)
    I2C2_EV_IRQHandler                       0x0800026f   Thumb Code     0  startup_stm32f40_41xxx.o(.text)
    I2C3_ER_IRQHandler                       0x0800026f   Thumb Code     0  startup_stm32f40_41xxx.o(.text)
    I2C3_EV_IRQHandler                       0x0800026f   Thumb Code     0  startup_stm32f40_41xxx.o(.text)
    OTG_FS_IRQHandler                        0x0800026f   Thumb Code     0  startup_stm32f40_41xxx.o(.text)
    OTG_FS_WKUP_IRQHandler                   0x0800026f   Thumb Code     0  startup_stm32f40_41xxx.o(.text)
    OTG_HS_EP1_IN_IRQHandler                 0x0800026f   Thumb Code     0  startup_stm32f40_41xxx.o(.text)
    OTG_HS_EP1_OUT_IRQHandler                0x0800026f   Thumb Code     0  startup_stm32f40_41xxx.o(.text)
    OTG_HS_IRQHandler                        0x0800026f   Thumb Code     0  startup_stm32f40_41xxx.o(.text)
    OTG_HS_WKUP_IRQHandler                   0x0800026f   Thumb Code     0  startup_stm32f40_41xxx.o(.text)
    PVD_IRQHandler                           0x0800026f   Thumb Code     0  startup_stm32f40_41xxx.o(.text)
    RCC_IRQHandler                           0x0800026f   Thumb Code     0  startup_stm32f40_41xxx.o(.text)
    RTC_Alarm_IRQHandler                     0x0800026f   Thumb Code     0  startup_stm32f40_41xxx.o(.text)
    RTC_WKUP_IRQHandler                      0x0800026f   Thumb Code     0  startup_stm32f40_41xxx.o(.text)
    SDIO_IRQHandler                          0x0800026f   Thumb Code     0  startup_stm32f40_41xxx.o(.text)
    SPI1_IRQHandler                          0x0800026f   Thumb Code     0  startup_stm32f40_41xxx.o(.text)
    SPI2_IRQHandler                          0x0800026f   Thumb Code     0  startup_stm32f40_41xxx.o(.text)
    SPI3_IRQHandler                          0x0800026f   Thumb Code     0  startup_stm32f40_41xxx.o(.text)
    TAMP_STAMP_IRQHandler                    0x0800026f   Thumb Code     0  startup_stm32f40_41xxx.o(.text)
    TIM1_BRK_TIM9_IRQHandler                 0x0800026f   Thumb Code     0  startup_stm32f40_41xxx.o(.text)
    TIM1_CC_IRQHandler                       0x0800026f   Thumb Code     0  startup_stm32f40_41xxx.o(.text)
    TIM1_TRG_COM_TIM11_IRQHandler            0x0800026f   Thumb Code     0  startup_stm32f40_41xxx.o(.text)
    TIM1_UP_TIM10_IRQHandler                 0x0800026f   Thumb Code     0  startup_stm32f40_41xxx.o(.text)
    TIM3_IRQHandler                          0x0800026f   Thumb Code     0  startup_stm32f40_41xxx.o(.text)
    TIM5_IRQHandler                          0x0800026f   Thumb Code     0  startup_stm32f40_41xxx.o(.text)
    TIM6_DAC_IRQHandler                      0x0800026f   Thumb Code     0  startup_stm32f40_41xxx.o(.text)
    TIM7_IRQHandler                          0x0800026f   Thumb Code     0  startup_stm32f40_41xxx.o(.text)
    TIM8_BRK_TIM12_IRQHandler                0x0800026f   Thumb Code     0  startup_stm32f40_41xxx.o(.text)
    TIM8_CC_IRQHandler                       0x0800026f   Thumb Code     0  startup_stm32f40_41xxx.o(.text)
    TIM8_TRG_COM_TIM14_IRQHandler            0x0800026f   Thumb Code     0  startup_stm32f40_41xxx.o(.text)
    TIM8_UP_TIM13_IRQHandler                 0x0800026f   Thumb Code     0  startup_stm32f40_41xxx.o(.text)
    UART4_IRQHandler                         0x0800026f   Thumb Code     0  startup_stm32f40_41xxx.o(.text)
    UART5_IRQHandler                         0x0800026f   Thumb Code     0  startup_stm32f40_41xxx.o(.text)
    USART1_IRQHandler                        0x0800026f   Thumb Code     0  startup_stm32f40_41xxx.o(.text)
    USART2_IRQHandler                        0x0800026f   Thumb Code     0  startup_stm32f40_41xxx.o(.text)
    USART3_IRQHandler                        0x0800026f   Thumb Code     0  startup_stm32f40_41xxx.o(.text)
    USART6_IRQHandler                        0x0800026f   Thumb Code     0  startup_stm32f40_41xxx.o(.text)
    WWDG_IRQHandler                          0x0800026f   Thumb Code     0  startup_stm32f40_41xxx.o(.text)
    __aeabi_memcpy                           0x08000279   Thumb Code    36  memcpya.o(.text)
    __aeabi_memcpy4                          0x08000279   Thumb Code     0  memcpya.o(.text)
    __aeabi_memcpy8                          0x08000279   Thumb Code     0  memcpya.o(.text)
    __aeabi_memset                           0x0800029d   Thumb Code    14  memseta.o(.text)
    __aeabi_memset4                          0x0800029d   Thumb Code     0  memseta.o(.text)
    __aeabi_memset8                          0x0800029d   Thumb Code     0  memseta.o(.text)
    __aeabi_memclr                           0x080002ab   Thumb Code     4  memseta.o(.text)
    __aeabi_memclr4                          0x080002ab   Thumb Code     0  memseta.o(.text)
    __aeabi_memclr8                          0x080002ab   Thumb Code     0  memseta.o(.text)
    _memset$wrapper                          0x080002af   Thumb Code    18  memseta.o(.text)
    strlen                                   0x080002c1   Thumb Code    14  strlen.o(.text)
    strcpy                                   0x080002cf   Thumb Code    18  strcpy.o(.text)
    __aeabi_dadd                             0x080002e1   Thumb Code   322  dadd.o(.text)
    __aeabi_dsub                             0x08000423   Thumb Code     6  dadd.o(.text)
    __aeabi_drsub                            0x08000429   Thumb Code     6  dadd.o(.text)
    __aeabi_dmul                             0x0800042f   Thumb Code   228  dmul.o(.text)
    __aeabi_ddiv                             0x08000513   Thumb Code   222  ddiv.o(.text)
    __aeabi_d2iz                             0x080005f1   Thumb Code    62  dfixi.o(.text)
    __aeabi_f2d                              0x0800062f   Thumb Code    38  f2d.o(.text)
    __aeabi_d2f                              0x08000655   Thumb Code    56  d2f.o(.text)
    __aeabi_llsl                             0x0800068d   Thumb Code    30  llshl.o(.text)
    _ll_shift_l                              0x0800068d   Thumb Code     0  llshl.o(.text)
    __aeabi_llsr                             0x080006ab   Thumb Code    32  llushr.o(.text)
    _ll_ushift_r                             0x080006ab   Thumb Code     0  llushr.o(.text)
    __aeabi_lasr                             0x080006cb   Thumb Code    36  llsshr.o(.text)
    _ll_sshift_r                             0x080006cb   Thumb Code     0  llsshr.o(.text)
    __I$use$fp                               0x080006ef   Thumb Code     0  iusefp.o(.text)
    _float_round                             0x080006ef   Thumb Code    18  fepilogue.o(.text)
    _float_epilogue                          0x08000701   Thumb Code    92  fepilogue.o(.text)
    _double_round                            0x0800075d   Thumb Code    30  depilogue.o(.text)
    _double_epilogue                         0x0800077b   Thumb Code   156  depilogue.o(.text)
    __scatterload                            0x08000819   Thumb Code    28  init.o(.text)
    __scatterload_rt2                        0x08000819   Thumb Code     0  init.o(.text)
    __decompress                             0x0800083d   Thumb Code     0  __dclz77c.o(.text)
    __decompress2                            0x0800083d   Thumb Code    94  __dclz77c.o(.text)
    ADC_Cmd                                  0x0800089b   Thumb Code    22  stm32f4xx_adc.o(i.ADC_Cmd)
    ADC_CommonInit                           0x080008b1   Thumb Code    34  stm32f4xx_adc.o(i.ADC_CommonInit)
    ADC_Configuration                        0x080008e1   Thumb Code   262  adc.o(i.ADC_Configuration)
    ADC_DMACmd                               0x080009fd   Thumb Code    22  stm32f4xx_adc.o(i.ADC_DMACmd)
    ADC_Filter                               0x08000a15   Thumb Code   336  powercontroltask.o(i.ADC_Filter)
    ADC_Init                                 0x08000bb1   Thumb Code    74  stm32f4xx_adc.o(i.ADC_Init)
    ADC_RegularChannelConfig                 0x08000c05   Thumb Code   184  stm32f4xx_adc.o(i.ADC_RegularChannelConfig)
    ADC_SoftwareStartConv                    0x08000cbd   Thumb Code    10  stm32f4xx_adc.o(i.ADC_SoftwareStartConv)
    ADC_TempSensorVrefintCmd                 0x08000cc9   Thumb Code    34  stm32f4xx_adc.o(i.ADC_TempSensorVrefintCmd)
    Append_CRC16_Check_Sum                   0x08000cf5   Thumb Code    44  algorithmofcrc.o(i.Append_CRC16_Check_Sum)
    Append_CRC8_Check_Sum                    0x08000d25   Thumb Code    36  algorithmofcrc.o(i.Append_CRC8_Check_Sum)
    BuildF105                                0x08000d49   Thumb Code    76  chassistask.o(i.BuildF105)
    BusFault_Handler                         0x08000d9d   Thumb Code     4  stm32f4xx_it.o(i.BusFault_Handler)
    CAN1_Configuration                       0x08000da1   Thumb Code   294  can1.o(i.CAN1_Configuration)
    CAN1_RX0_IRQHandler                      0x08000ed1   Thumb Code    46  can1.o(i.CAN1_RX0_IRQHandler)
    CAN2_Configuration                       0x08000f09   Thumb Code   262  can2.o(i.CAN2_Configuration)
    CAN2_RX1_IRQHandler                      0x08001019   Thumb Code    38  can2.o(i.CAN2_RX1_IRQHandler)
    CAN_ClearITPendingBit                    0x08001049   Thumb Code   162  stm32f4xx_can.o(i.CAN_ClearITPendingBit)
    CAN_DeInit                               0x080010f1   Thumb Code    50  stm32f4xx_can.o(i.CAN_DeInit)
    CAN_FilterInit                           0x08001129   Thumb Code   258  stm32f4xx_can.o(i.CAN_FilterInit)
    CAN_GetITStatus                          0x08001231   Thumb Code   284  stm32f4xx_can.o(i.CAN_GetITStatus)
    CAN_ITConfig                             0x08001351   Thumb Code    18  stm32f4xx_can.o(i.CAN_ITConfig)
    CAN_Init                                 0x08001363   Thumb Code   276  stm32f4xx_can.o(i.CAN_Init)
    CAN_Receive                              0x08001477   Thumb Code   240  stm32f4xx_can.o(i.CAN_Receive)
    CAN_StructInit                           0x08001567   Thumb Code    32  stm32f4xx_can.o(i.CAN_StructInit)
    CAN_Transmit                             0x08001587   Thumb Code   294  stm32f4xx_can.o(i.CAN_Transmit)
    CPU_task                                 0x080016ad   Thumb Code    22  starttask.o(i.CPU_task)
    Can1Receive0                             0x080016c9   Thumb Code   182  datareceivetask.o(i.Can1Receive0)
    Can2Receive1                             0x08001785   Thumb Code   268  datareceivetask.o(i.Can2Receive1)
    Can2Send0                                0x080018a5   Thumb Code    70  datasendtask.o(i.Can2Send0)
    CharSendtask                             0x080018f1   Thumb Code    20  charsendtask.o(i.CharSendtask)
    Char_Change_Check                        0x08001909   Thumb Code   198  charsendtask.o(i.Char_Change_Check)
    ChargeCal                                0x080019f5   Thumb Code   322  powercontroltask.o(i.ChargeCal)
    ChargeControl                            0x08001b69   Thumb Code   284  powercontroltask.o(i.ChargeControl)
    ChargeIO_Configuration                   0x08001cb5   Thumb Code   116  powercontroltask.o(i.ChargeIO_Configuration)
    Charge_Set                               0x08001d31   Thumb Code   184  powercontroltask.o(i.Charge_Set)
    ChassisCan1Send                          0x08001e15   Thumb Code   180  datasendtask.o(i.ChassisCan1Send)
    Chassis_CurrentPid_Cal                   0x08001ed1   Thumb Code   120  chassistask.o(i.Chassis_CurrentPid_Cal)
    Chassis_Power_Control_Init               0x08001f59   Thumb Code   580  chassistask.o(i.Chassis_Power_Control_Init)
    Chassis_Speed_Cal                        0x080021b5   Thumb Code   800  chassistask.o(i.Chassis_Speed_Cal)
    Chassis_task                             0x08002515   Thumb Code   144  chassistask.o(i.Chassis_task)
    Current_Filter_Excu                      0x080025d5   Thumb Code    54  chassistask.o(i.Current_Filter_Excu)
    Current_Set_Jump                         0x08002619   Thumb Code   166  chassistask.o(i.Current_Set_Jump)
    DAC1_Init                                0x080026d1   Thumb Code   122  dac.o(i.DAC1_Init)
    DAC_Cmd                                  0x08002751   Thumb Code    34  stm32f4xx_dac.o(i.DAC_Cmd)
    DAC_Init                                 0x08002779   Thumb Code    46  stm32f4xx_dac.o(i.DAC_Init)
    DAC_SetChannel1Data                      0x080027ad   Thumb Code    26  stm32f4xx_dac.o(i.DAC_SetChannel1Data)
    DAC_SetChannel2Data                      0x080027cd   Thumb Code    26  stm32f4xx_dac.o(i.DAC_SetChannel2Data)
    DMA1_Stream2_IRQHandler                  0x080027ed   Thumb Code    32  uart4.o(i.DMA1_Stream2_IRQHandler)
    DMA1_Stream4_IRQHandler                  0x08002819   Thumb Code    38  uart4.o(i.DMA1_Stream4_IRQHandler)
    DMA_ClearFlag                            0x0800284d   Thumb Code    38  stm32f4xx_dma.o(i.DMA_ClearFlag)
    DMA_ClearITPendingBit                    0x08002881   Thumb Code    38  stm32f4xx_dma.o(i.DMA_ClearITPendingBit)
    DMA_Cmd                                  0x080028b5   Thumb Code    22  stm32f4xx_dma.o(i.DMA_Cmd)
    DMA_DeInit                               0x080028cd   Thumb Code   324  stm32f4xx_dma.o(i.DMA_DeInit)
    DMA_GetFlagStatus                        0x08002a25   Thumb Code    54  stm32f4xx_dma.o(i.DMA_GetFlagStatus)
    DMA_GetITStatus                          0x08002a69   Thumb Code    82  stm32f4xx_dma.o(i.DMA_GetITStatus)
    DMA_ITConfig                             0x08002acd   Thumb Code    58  stm32f4xx_dma.o(i.DMA_ITConfig)
    DMA_Init                                 0x08002b09   Thumb Code    82  stm32f4xx_dma.o(i.DMA_Init)
    DebugMon_Handler                         0x08002b61   Thumb Code     2  stm32f4xx_it.o(i.DebugMon_Handler)
    F405_Rst                                 0x08002b65   Thumb Code    12  datareceivetask.o(i.F405_Rst)
    Fir                                      0x08002b75   Thumb Code   176  fir.o(i.Fir)
    GPIO_Init                                0x08002c35   Thumb Code   144  stm32f4xx_gpio.o(i.GPIO_Init)
    GPIO_PinAFConfig                         0x08002cc5   Thumb Code    70  stm32f4xx_gpio.o(i.GPIO_PinAFConfig)
    GPIO_ResetBits                           0x08002d0b   Thumb Code     4  stm32f4xx_gpio.o(i.GPIO_ResetBits)
    GPIO_SetBits                             0x08002d0f   Thumb Code     4  stm32f4xx_gpio.o(i.GPIO_SetBits)
    Get_CRC16_Check_Sum                      0x08002d15   Thumb Code    46  algorithmofcrc.o(i.Get_CRC16_Check_Sum)
    Get_CRC8_Check_Sum                       0x08002d49   Thumb Code    30  algorithmofcrc.o(i.Get_CRC8_Check_Sum)
    GraphicSendtask                          0x08002d6d   Thumb Code   106  graphicssendtask.o(i.GraphicSendtask)
    Graphic_Change_Check                     0x08002ded   Thumb Code   372  graphicssendtask.o(i.Graphic_Change_Check)
    HardFault_Handler                        0x08002f99   Thumb Code     4  stm32f4xx_it.o(i.HardFault_Handler)
    HeatControl                              0x08002f9d   Thumb Code   252  chassistask.o(i.HeatControl)
    HeatUpdate                               0x080030b9   Thumb Code   164  chassistask.o(i.HeatUpdate)
    IIC_Ack                                  0x0800317d   Thumb Code    48  i2c.o(i.IIC_Ack)
    IIC_NAck                                 0x080031b5   Thumb Code    48  i2c.o(i.IIC_NAck)
    IIC_Read_Byte                            0x080031ed   Thumb Code    66  i2c.o(i.IIC_Read_Byte)
    IIC_Send_Byte                            0x08003239   Thumb Code    86  i2c.o(i.IIC_Send_Byte)
    IIC_Start                                0x08003299   Thumb Code    46  i2c.o(i.IIC_Start)
    IIC_Stop                                 0x080032d1   Thumb Code    44  i2c.o(i.IIC_Stop)
    IIC_Wait_Ack                             0x08003305   Thumb Code    64  i2c.o(i.IIC_Wait_Ack)
    INA260_Read                              0x0800334d   Thumb Code    96  ina260.o(i.INA260_Read)
    INA_READ_Current                         0x080033ad   Thumb Code   120  ina260.o(i.INA_READ_Current)
    INA_READ_Power                           0x08003435   Thumb Code    64  ina260.o(i.INA_READ_Power)
    INA_READ_Vol                             0x0800347d   Thumb Code   120  ina260.o(i.INA_READ_Vol)
    IWDG_Config                              0x08003505   Thumb Code    36  iwdg.o(i.IWDG_Config)
    IWDG_Feed                                0x0800352d   Thumb Code    10  iwdg.o(i.IWDG_Feed)
    JudgeBuffReceive                         0x0800353d   Thumb Code   478  datareceivetask.o(i.JudgeBuffReceive)
    JudgementCustomizeChar                   0x0800372d   Thumb Code   120  charsendtask.o(i.JudgementCustomizeChar)
    JudgementCustomizeGraphics               0x080037ad   Thumb Code   120  graphicssendtask.o(i.JudgementCustomizeGraphics)
    Load_Char_Init                           0x0800382d   Thumb Code   342  charsendtask.o(i.Load_Char_Init)
    MemManage_Handler                        0x080039a9   Thumb Code     4  stm32f4xx_it.o(i.MemManage_Handler)
    Method_Check                             0x080039ad   Thumb Code   222  chassistask.o(i.Method_Check)
    NMI_Handler                              0x08003ab5   Thumb Code     2  stm32f4xx_it.o(i.NMI_Handler)
    NVIC_Init                                0x08003ab9   Thumb Code   106  misc.o(i.NVIC_Init)
    Offline_Check_task                       0x08003b31   Thumb Code    50  main.o(i.Offline_Check_task)
    PID_Calc                                 0x08003b6d   Thumb Code   324  pid.o(i.PID_Calc)
    Pid_ChargeCal_Init                       0x08003cb1   Thumb Code    44  powercontroltask.o(i.Pid_ChargeCal_Init)
    Pid_ChassisWheelInit                     0x08003cf1   Thumb Code   272  chassistask.o(i.Pid_ChassisWheelInit)
    PowerControl_task                        0x08003e2d   Thumb Code    58  powercontroltask.o(i.PowerControl_task)
    PowerLimit                               0x08003e71   Thumb Code  1136  chassistask.o(i.PowerLimit)
    RCC_AHB1PeriphClockCmd                   0x080042ed   Thumb Code    26  stm32f4xx_rcc.o(i.RCC_AHB1PeriphClockCmd)
    RCC_APB1PeriphClockCmd                   0x0800430d   Thumb Code    26  stm32f4xx_rcc.o(i.RCC_APB1PeriphClockCmd)
    RCC_APB1PeriphResetCmd                   0x0800432d   Thumb Code    26  stm32f4xx_rcc.o(i.RCC_APB1PeriphResetCmd)
    RCC_APB2PeriphClockCmd                   0x0800434d   Thumb Code    26  stm32f4xx_rcc.o(i.RCC_APB2PeriphClockCmd)
    RCC_APB2PeriphResetCmd                   0x0800436d   Thumb Code    26  stm32f4xx_rcc.o(i.RCC_APB2PeriphResetCmd)
    RCC_GetClocksFreq                        0x0800438d   Thumb Code   214  stm32f4xx_rcc.o(i.RCC_GetClocksFreq)
    SDA_IN                                   0x08004475   Thumb Code    52  i2c.o(i.SDA_IN)
    SDA_OUT                                  0x080044ad   Thumb Code    46  i2c.o(i.SDA_OUT)
    SysTick_Handler                          0x080045cd   Thumb Code     2  stm32f4xx_it.o(i.SysTick_Handler)
    SystemInit                               0x080045d1   Thumb Code    88  system_stm32f4xx.o(i.SystemInit)
    System_Config                            0x08004639   Thumb Code    70  main.o(i.System_Config)
    System_Init                              0x08004685   Thumb Code    16  main.o(i.System_Init)
    TIM2_Configuration                       0x08004695   Thumb Code   104  tim2.o(i.TIM2_Configuration)
    TIM2_IRQHandler                          0x080046fd   Thumb Code    32  tim2.o(i.TIM2_IRQHandler)
    TIM4_Configuration                       0x08004721   Thumb Code    90  tim4.o(i.TIM4_Configuration)
    TIM4_IRQHandler                          0x08004781   Thumb Code    32  tim4.o(i.TIM4_IRQHandler)
    TIM_ClearFlag                            0x080047a9   Thumb Code     6  stm32f4xx_tim.o(i.TIM_ClearFlag)
    TIM_ClearITPendingBit                    0x080047af   Thumb Code     6  stm32f4xx_tim.o(i.TIM_ClearITPendingBit)
    TIM_Cmd                                  0x080047b5   Thumb Code    24  stm32f4xx_tim.o(i.TIM_Cmd)
    TIM_GetCounter                           0x080047cd   Thumb Code     6  stm32f4xx_tim.o(i.TIM_GetCounter)
    TIM_GetITStatus                          0x080047d3   Thumb Code    34  stm32f4xx_tim.o(i.TIM_GetITStatus)
    TIM_ITConfig                             0x080047f5   Thumb Code    18  stm32f4xx_tim.o(i.TIM_ITConfig)
    TIM_SetCounter                           0x08004807   Thumb Code     4  stm32f4xx_tim.o(i.TIM_SetCounter)
    TIM_TimeBaseInit                         0x0800480d   Thumb Code   104  stm32f4xx_tim.o(i.TIM_TimeBaseInit)
    UART4_Configuration                      0x08004891   Thumb Code   398  uart4.o(i.UART4_Configuration)
    USART2_Configuration                     0x08004a35   Thumb Code   184  usart2.o(i.USART2_Configuration)
    USART_ClearFlag                          0x08004af5   Thumb Code    18  stm32f4xx_usart.o(i.USART_ClearFlag)
    USART_Cmd                                0x08004b07   Thumb Code    24  stm32f4xx_usart.o(i.USART_Cmd)
    USART_DMACmd                             0x08004b1f   Thumb Code    18  stm32f4xx_usart.o(i.USART_DMACmd)
    USART_DeInit                             0x08004b31   Thumb Code   206  stm32f4xx_usart.o(i.USART_DeInit)
    USART_GetFlagStatus                      0x08004c21   Thumb Code    26  stm32f4xx_usart.o(i.USART_GetFlagStatus)
    USART_Init                               0x08004c3d   Thumb Code   204  stm32f4xx_usart.o(i.USART_Init)
    USART_SendData                           0x08004d11   Thumb Code     8  stm32f4xx_usart.o(i.USART_SendData)
    UsageFault_Handler                       0x08004d19   Thumb Code     4  stm32f4xx_it.o(i.UsageFault_Handler)
    Verify_CRC16_Check_Sum                   0x08004d1d   Thumb Code    60  algorithmofcrc.o(i.Verify_CRC16_Check_Sum)
    Verify_CRC8_Check_Sum                    0x08004d5d   Thumb Code    46  algorithmofcrc.o(i.Verify_CRC8_Check_Sum)
    __scatterload_copy                       0x08004d8b   Thumb Code    14  handlers.o(i.__scatterload_copy)
    __scatterload_null                       0x08004d99   Thumb Code     2  handlers.o(i.__scatterload_null)
    __scatterload_zeroinit                   0x08004d9b   Thumb Code    14  handlers.o(i.__scatterload_zeroinit)
    delay_us                                 0x08004da9   Thumb Code    52  tim2.o(i.delay_us)
    i2c_init                                 0x08004ddd   Thumb Code    46  i2c.o(i.i2c_init)
    main                                     0x08004e11   Thumb Code    20  main.o(i.main)
    pvPortMalloc                             0x08005251   Thumb Code   188  heap_4.o(i.pvPortMalloc)
    pxPortInitialiseStack                    0x08005321   Thumb Code    38  port.o(i.pxPortInitialiseStack)
    referee_data_load_Graphic                0x0800534d   Thumb Code  5010  graphicssendtask.o(i.referee_data_load_Graphic)
    referee_data_load_String                 0x08006705   Thumb Code  2442  charsendtask.o(i.referee_data_load_String)
    referee_data_pack_handle                 0x080070b9   Thumb Code   154  graphicssendtask.o(i.referee_data_pack_handle)
    startTast                                0x08007161   Thumb Code    24  starttask.o(i.startTast)
    start_task                               0x0800718d   Thumb Code   146  starttask.o(i.start_task)
    uxListRemove                             0x080072b5   Thumb Code    40  list.o(i.uxListRemove)
    uxTaskGetStackHighWaterMark              0x080072dd   Thumb Code    34  tasks.o(i.uxTaskGetStackHighWaterMark)
    vListInitialise                          0x08007305   Thumb Code    26  list.o(i.vListInitialise)
    vListInitialiseItem                      0x0800731f   Thumb Code     6  list.o(i.vListInitialiseItem)
    vListInsert                              0x08007325   Thumb Code    52  list.o(i.vListInsert)
    vListInsertEnd                           0x08007359   Thumb Code    24  list.o(i.vListInsertEnd)
    vPortEnterCritical                       0x08007371   Thumb Code    30  port.o(i.vPortEnterCritical)
    vPortExitCritical                        0x08007395   Thumb Code    28  port.o(i.vPortExitCritical)
    vPortFree                                0x080073b5   Thumb Code    64  heap_4.o(i.vPortFree)
    vPortSetupTimerInterrupt                 0x080073fd   Thumb Code    26  port.o(i.vPortSetupTimerInterrupt)
    vTaskDelay                               0x0800741d   Thumb Code    46  tasks.o(i.vTaskDelay)
    vTaskDelayUntil                          0x08007451   Thumb Code   106  tasks.o(i.vTaskDelayUntil)
    vTaskDelete                              0x080074c5   Thumb Code   166  tasks.o(i.vTaskDelete)
    vTaskStartScheduler                      0x08007591   Thumb Code    76  tasks.o(i.vTaskStartScheduler)
    vTaskSuspendAll                          0x080075fd   Thumb Code    12  tasks.o(i.vTaskSuspendAll)
    vTaskSwitchContext                       0x0800760d   Thumb Code   128  tasks.o(i.vTaskSwitchContext)
    xPortStartScheduler                      0x080076ad   Thumb Code    58  port.o(i.xPortStartScheduler)
    xTaskCreate                              0x080076f5   Thumb Code    96  tasks.o(i.xTaskCreate)
    xTaskGetTickCount                        0x08007755   Thumb Code     6  tasks.o(i.xTaskGetTickCount)
    xTaskIncrementTick                       0x08007761   Thumb Code   238  tasks.o(i.xTaskIncrementTick)
    xTaskResumeAll                           0x0800787d   Thumb Code   196  tasks.o(i.xTaskResumeAll)
    CRC8_INIT                                0x08007964   Data           1  algorithmofcrc.o(.constdata)
    CRC8_TAB                                 0x08007965   Data         256  algorithmofcrc.o(.constdata)
    wCRC_Table                               0x08007a66   Data         512  algorithmofcrc.o(.constdata)
    Gains                                    0x08007c68   Data          24  fir.o(.constdata)
    Region$$Table$$Base                      0x08007c80   Number         0  anon$$obj.o(Region$$Table)
    Region$$Table$$Limit                     0x08007ca0   Number         0  anon$$obj.o(Region$$Table)
    Judgement_DisConnect                     0x20000000   Data           2  main.o(.data)
    Offline_Check_high_water                 0x20000004   Data           4  main.o(.data)
    SystemCoreClock                          0x20000008   Data           4  system_stm32f4xx.o(.data)
    AHBPrescTable                            0x2000000c   Data          16  system_stm32f4xx.o(.data)
    CPU_RunTime                              0x2000001c   Data           4  tim4.o(.data)
    Tim2_OutCnt                              0x20000020   Data           4  tim2.o(.data)
    c_pos_x                                  0x20000034   Data          40  charsendtask.o(.data)
    c_pos_y                                  0x2000005c   Data          40  charsendtask.o(.data)
    WheelCurrentSend                         0x200000fc   Data           8  chassistask.o(.data)
    Set_Jump                                 0x20000104   Data           8  chassistask.o(.data)
    Actual_P_max                             0x2000010c   Data           2  chassistask.o(.data)
    Self_Protect_Limit                       0x2000010e   Data           2  chassistask.o(.data)
    k_BAT                                    0x20000110   Data           4  chassistask.o(.data)
    Excess_P_max                             0x20000114   Data           2  chassistask.o(.data)
    CurrentMax                               0x20000116   Data           2  chassistask.o(.data)
    test_Self_Protect_Limit                  0x20000118   Data           2  chassistask.o(.data)
    test_k_BAT                               0x2000011c   Data           4  chassistask.o(.data)
    test_W_Chassis_t                         0x20000120   Data           4  chassistask.o(.data)
    HeatMax17                                0x20000124   Data           2  chassistask.o(.data)
    HeatCool17                               0x20000126   Data           2  chassistask.o(.data)
    CurHeat17                                0x20000128   Data           2  chassistask.o(.data)
    LastHeat17                               0x2000012a   Data           2  chassistask.o(.data)
    AvailableHeat17                          0x2000012c   Data           2  chassistask.o(.data)
    Shooted17Cnt                             0x2000012e   Data           2  chassistask.o(.data)
    AvailableBullet17                        0x20000130   Data           2  chassistask.o(.data)
    ShootAbleFlag                            0x20000132   Data           1  chassistask.o(.data)
    Chassis_high_water                       0x20000134   Data           4  chassistask.o(.data)
    F405_DisConnect                          0x2000015c   Data           2  datareceivetask.o(.data)
    CAP_CrossoverFlag                        0x2000015e   Data           2  datareceivetask.o(.data)
    CrossoverFlagMax                         0x20000160   Data           2  datareceivetask.o(.data)
    pitch_change_flag                        0x20000164   Data           4  graphicssendtask.o(.data)
    buff_change_flag                         0x20000168   Data           4  graphicssendtask.o(.data)
    cap_percent_change_flag                  0x2000016c   Data           4  graphicssendtask.o(.data)
    Buff_flag                                0x20000170   Data           4  graphicssendtask.o(.data)
    last_cap_vol                             0x20000174   Data           4  graphicssendtask.o(.data)
    bias_x                                   0x20000178   Data          14  graphicssendtask.o(.data)
    bias_y                                   0x20000186   Data          14  graphicssendtask.o(.data)
    bias_r                                   0x20000194   Data           2  graphicssendtask.o(.data)
    screen_bias                              0x20000196   Data           2  graphicssendtask.o(.data)
    XX                                       0x20000198   Data           4  graphicssendtask.o(.data)
    YY                                       0x2000019c   Data           4  graphicssendtask.o(.data)
    Color_array                              0x200001a0   Data          36  graphicssendtask.o(.data)
    g_pos_x                                  0x200001c4   Data          36  graphicssendtask.o(.data)
    g_pos_y                                  0x200001e8   Data          36  graphicssendtask.o(.data)
    AIM_bias_x                               0x2000020c   Data           4  graphicssendtask.o(.data)
    AIM_bias_y                               0x20000210   Data           4  graphicssendtask.o(.data)
    placece_x                                0x20000214   Data          52  graphicssendtask.o(.data)
    placece_y                                0x20000248   Data          56  graphicssendtask.o(.data)
    Road_bias_x                              0x20000280   Data           4  graphicssendtask.o(.data)
    Road_bias_y                              0x20000284   Data           4  graphicssendtask.o(.data)
    seq                                      0x20000288   Data           1  graphicssendtask.o(.data)
    UCAP                                     0x200002b0   Data           4  powercontroltask.o(.data)
    UDCDC                                    0x200002b4   Data           4  powercontroltask.o(.data)
    SUM_UCAP                                 0x200002b8   Data           4  powercontroltask.o(.data)
    SUM_UDCDC                                0x200002bc   Data           4  powercontroltask.o(.data)
    SUM_TEMP                                 0x200002c0   Data           4  powercontroltask.o(.data)
    AD_actual_value                          0x200002c4   Data           4  powercontroltask.o(.data)
    temperate                                0x200002c8   Data           4  powercontroltask.o(.data)
    temp3v3                                  0x200002cc   Data           4  powercontroltask.o(.data)
    I_Set                                    0x200002d0   Data           4  powercontroltask.o(.data)
    PowerState                               0x200002d4   Data           1  powercontroltask.o(.data)
    MaxChargePower                           0x200002d8   Data           4  powercontroltask.o(.data)
    ActualPower                              0x200002dc   Data           4  powercontroltask.o(.data)
    MaxChargeCurrent                         0x200002e0   Data           4  powercontroltask.o(.data)
    My_i                                     0x200002e4   Data           4  powercontroltask.o(.data)
    AD_L                                     0x200002e8   Data           4  powercontroltask.o(.data)
    AD_H                                     0x200002ec   Data           4  powercontroltask.o(.data)
    test_current                             0x200002f0   Data           4  powercontroltask.o(.data)
    PowerControl_high_water                  0x200002f4   Data           4  powercontroltask.o(.data)
    CPU_high_water                           0x200002f8   Data           4  starttask.o(.data)
    CRC_INIT                                 0x20000318   Data           2  algorithmofcrc.o(.data)
    pxCurrentTCB                             0x2000031c   Data           4  tasks.o(.data)
    ADC_ConvertedValue                       0x2000037c   Data         180  adc.o(.bss)
    JudgeReceiveBuffer                       0x20000430   Data          45  uart4.o(.bss)
    JudgeSend                                0x2000045d   Data         128  uart4.o(.bss)
    INA260_1                                 0x200004e0   Data          16  ina260.o(.bss)
    INA260_2                                 0x200004f0   Data          16  ina260.o(.bss)
    rx_message_2                             0x20000500   Data          20  can2.o(.bss)
    rx_message_1                             0x20000514   Data          20  can1.o(.bss)
    Char_Change_Array                        0x20000528   Data          16  charsendtask.o(.bss)
    custom_char_draw                         0x20000538   Data          51  charsendtask.o(.bss)
    Current_Change                           0x2000056c   Data          16  chassistask.o(.bss)
    Current_f                                0x2000057c   Data          16  chassistask.o(.bss)
    Flow                                     0x2000058c   Data          16  chassistask.o(.bss)
    speed                                    0x2000059c   Data          16  chassistask.o(.bss)
    Pid_Current                              0x200005ac   Data         240  chassistask.o(.bss)
    pidChassisWheelSpeed                     0x2000069c   Data         240  chassistask.o(.bss)
    pidChassisPosition_Speed                 0x2000078c   Data          60  chassistask.o(.bss)
    F105                                     0x200007c8   Data          16  chassistask.o(.bss)
    Power_method                             0x200007d8   Data          96  chassistask.o(.bss)
    SaveBuffer                               0x2000084c   Data          90  datareceivetask.o(.bss)
    JudgeReceive                             0x200008a8   Data          44  datareceivetask.o(.bss)
    F405                                     0x200008d4   Data          10  datareceivetask.o(.bss)
    ChassisMotorCanReceive                   0x200008de   Data          24  datareceivetask.o(.bss)
    chassis                                  0x200008f6   Data          12  datareceivetask.o(.bss)
    vol_change_array                         0x20000904   Data          36  graphicssendtask.o(.bss)
    custom_grapic_draw                       0x20000928   Data         111  graphicssendtask.o(.bss)
    Voltage_array                            0x20000997   Data           9  graphicssendtask.o(.bss)
    last_Voltage_array                       0x200009a0   Data          36  graphicssendtask.o(.bss)
    Voltage_change                           0x200009c4   Data          36  graphicssendtask.o(.bss)
    ChargeCtl                                0x20000a0c   Data          60  powercontroltask.o(.bss)
    Input                                    0x20000a5c   Data          16  fir.o(.bss)
    Output                                   0x20000a6c   Data          16  fir.o(.bss)
    Buffer                                   0x20000a7c   Data          96  fir.o(.bss)
    __initial_sp                             0x200039c0   Data           0  startup_stm32f40_41xxx.o(STACK)



==============================================================================

Memory Map of the image

  Image Entry point : 0x08000189

  Load Region LR_IROM1 (Base: 0x08000000, Size: 0x0000801c, Max: 0x00100000, ABSOLUTE, COMPRESSED[0x00007de8])

    Execution Region ER_IROM1 (Exec base: 0x08000000, Load base: 0x08000000, Size: 0x00007ca0, Max: 0x00100000, ABSOLUTE)

    Exec Addr    Load Addr    Size         Type   Attr      Idx    E Section Name        Object

    0x08000000   0x08000000   0x00000188   Data   RO         2520    RESET               startup_stm32f40_41xxx.o
    0x08000188   0x08000188   0x00000000   Code   RO         4338  * .ARM.Collect$$$$00000000  mc_w.l(entry.o)
    0x08000188   0x08000188   0x00000004   Code   RO         4624    .ARM.Collect$$$$00000001  mc_w.l(entry2.o)
    0x0800018c   0x0800018c   0x00000004   Code   RO         4627    .ARM.Collect$$$$00000004  mc_w.l(entry5.o)
    0x08000190   0x08000190   0x00000000   Code   RO         4629    .ARM.Collect$$$$00000008  mc_w.l(entry7b.o)
    0x08000190   0x08000190   0x00000000   Code   RO         4631    .ARM.Collect$$$$0000000A  mc_w.l(entry8b.o)
    0x08000190   0x08000190   0x00000008   Code   RO         4632    .ARM.Collect$$$$0000000B  mc_w.l(entry9a.o)
    0x08000198   0x08000198   0x00000000   Code   RO         4634    .ARM.Collect$$$$0000000D  mc_w.l(entry10a.o)
    0x08000198   0x08000198   0x00000000   Code   RO         4636    .ARM.Collect$$$$0000000F  mc_w.l(entry11a.o)
    0x08000198   0x08000198   0x00000004   Code   RO         4625    .ARM.Collect$$$$00002712  mc_w.l(entry2.o)
    0x0800019c   0x0800019c   0x000000b6   Code   RO         4261    .emb_text           port.o
    0x08000252   0x08000252   0x00000002   PAD
    0x08000254   0x08000254   0x00000024   Code   RO         2521    .text               startup_stm32f40_41xxx.o
    0x08000278   0x08000278   0x00000024   Code   RO         4341    .text               mc_w.l(memcpya.o)
    0x0800029c   0x0800029c   0x00000024   Code   RO         4343    .text               mc_w.l(memseta.o)
    0x080002c0   0x080002c0   0x0000000e   Code   RO         4345    .text               mc_w.l(strlen.o)
    0x080002ce   0x080002ce   0x00000012   Code   RO         4347    .text               mc_w.l(strcpy.o)
    0x080002e0   0x080002e0   0x0000014e   Code   RO         4612    .text               mf_w.l(dadd.o)
    0x0800042e   0x0800042e   0x000000e4   Code   RO         4614    .text               mf_w.l(dmul.o)
    0x08000512   0x08000512   0x000000de   Code   RO         4616    .text               mf_w.l(ddiv.o)
    0x080005f0   0x080005f0   0x0000003e   Code   RO         4618    .text               mf_w.l(dfixi.o)
    0x0800062e   0x0800062e   0x00000026   Code   RO         4620    .text               mf_w.l(f2d.o)
    0x08000654   0x08000654   0x00000038   Code   RO         4622    .text               mf_w.l(d2f.o)
    0x0800068c   0x0800068c   0x0000001e   Code   RO         4645    .text               mc_w.l(llshl.o)
    0x080006aa   0x080006aa   0x00000020   Code   RO         4647    .text               mc_w.l(llushr.o)
    0x080006ca   0x080006ca   0x00000024   Code   RO         4649    .text               mc_w.l(llsshr.o)
    0x080006ee   0x080006ee   0x00000000   Code   RO         4651    .text               mc_w.l(iusefp.o)
    0x080006ee   0x080006ee   0x0000006e   Code   RO         4652    .text               mf_w.l(fepilogue.o)
    0x0800075c   0x0800075c   0x000000ba   Code   RO         4654    .text               mf_w.l(depilogue.o)
    0x08000816   0x08000816   0x00000002   PAD
    0x08000818   0x08000818   0x00000024   Code   RO         4660    .text               mc_w.l(init.o)
    0x0800083c   0x0800083c   0x0000005e   Code   RO         4672    .text               mc_w.l(__dclz77c.o)
    0x0800089a   0x0800089a   0x00000016   Code   RO          770    i.ADC_Cmd           stm32f4xx_adc.o
    0x080008b0   0x080008b0   0x00000030   Code   RO          771    i.ADC_CommonInit    stm32f4xx_adc.o
    0x080008e0   0x080008e0   0x0000011c   Code   RO          347    i.ADC_Configuration  adc.o
    0x080009fc   0x080009fc   0x00000016   Code   RO          774    i.ADC_DMACmd        stm32f4xx_adc.o
    0x08000a12   0x08000a12   0x00000002   PAD
    0x08000a14   0x08000a14   0x0000019c   Code   RO         3261    i.ADC_Filter        powercontroltask.o
    0x08000bb0   0x08000bb0   0x00000054   Code   RO          790    i.ADC_Init          stm32f4xx_adc.o
    0x08000c04   0x08000c04   0x000000b8   Code   RO          795    i.ADC_RegularChannelConfig  stm32f4xx_adc.o
    0x08000cbc   0x08000cbc   0x0000000a   Code   RO          797    i.ADC_SoftwareStartConv  stm32f4xx_adc.o
    0x08000cc6   0x08000cc6   0x00000002   PAD
    0x08000cc8   0x08000cc8   0x0000002c   Code   RO          800    i.ADC_TempSensorVrefintCmd  stm32f4xx_adc.o
    0x08000cf4   0x08000cf4   0x00000030   Code   RO         3358    i.Append_CRC16_Check_Sum  algorithmofcrc.o
    0x08000d24   0x08000d24   0x00000024   Code   RO         3359    i.Append_CRC8_Check_Sum  algorithmofcrc.o
    0x08000d48   0x08000d48   0x00000054   Code   RO         3026    i.BuildF105         chassistask.o
    0x08000d9c   0x08000d9c   0x00000004   Code   RO          225    i.BusFault_Handler  stm32f4xx_it.o
    0x08000da0   0x08000da0   0x00000130   Code   RO          691    i.CAN1_Configuration  can1.o
    0x08000ed0   0x08000ed0   0x00000038   Code   RO          692    i.CAN1_RX0_IRQHandler  can1.o
    0x08000f08   0x08000f08   0x00000110   Code   RO          662    i.CAN2_Configuration  can2.o
    0x08001018   0x08001018   0x00000030   Code   RO          663    i.CAN2_RX1_IRQHandler  can2.o
    0x08001048   0x08001048   0x000000a8   Code   RO         1008    i.CAN_ClearITPendingBit  stm32f4xx_can.o
    0x080010f0   0x080010f0   0x00000038   Code   RO         1010    i.CAN_DeInit        stm32f4xx_can.o
    0x08001128   0x08001128   0x00000108   Code   RO         1012    i.CAN_FilterInit    stm32f4xx_can.o
    0x08001230   0x08001230   0x00000120   Code   RO         1014    i.CAN_GetITStatus   stm32f4xx_can.o
    0x08001350   0x08001350   0x00000012   Code   RO         1018    i.CAN_ITConfig      stm32f4xx_can.o
    0x08001362   0x08001362   0x00000114   Code   RO         1019    i.CAN_Init          stm32f4xx_can.o
    0x08001476   0x08001476   0x000000f0   Code   RO         1022    i.CAN_Receive       stm32f4xx_can.o
    0x08001566   0x08001566   0x00000020   Code   RO         1025    i.CAN_StructInit    stm32f4xx_can.o
    0x08001586   0x08001586   0x00000126   Code   RO         1027    i.CAN_Transmit      stm32f4xx_can.o
    0x080016ac   0x080016ac   0x0000001c   Code   RO         3323    i.CPU_task          starttask.o
    0x080016c8   0x080016c8   0x000000bc   Code   RO         3118    i.Can1Receive0      datareceivetask.o
    0x08001784   0x08001784   0x00000120   Code   RO         3119    i.Can2Receive1      datareceivetask.o
    0x080018a4   0x080018a4   0x0000004c   Code   RO         3161    i.Can2Send0         datasendtask.o
    0x080018f0   0x080018f0   0x00000018   Code   RO         2977    i.CharSendtask      charsendtask.o
    0x08001908   0x08001908   0x000000ec   Code   RO         2978    i.Char_Change_Check  charsendtask.o
    0x080019f4   0x080019f4   0x00000174   Code   RO         3262    i.ChargeCal         powercontroltask.o
    0x08001b68   0x08001b68   0x0000014c   Code   RO         3263    i.ChargeControl     powercontroltask.o
    0x08001cb4   0x08001cb4   0x0000007c   Code   RO         3264    i.ChargeIO_Configuration  powercontroltask.o
    0x08001d30   0x08001d30   0x000000e4   Code   RO         3265    i.Charge_Set        powercontroltask.o
    0x08001e14   0x08001e14   0x000000bc   Code   RO         3163    i.ChassisCan1Send   datasendtask.o
    0x08001ed0   0x08001ed0   0x00000088   Code   RO         3027    i.Chassis_CurrentPid_Cal  chassistask.o
    0x08001f58   0x08001f58   0x0000025c   Code   RO         3028    i.Chassis_Power_Control_Init  chassistask.o
    0x080021b4   0x080021b4   0x00000360   Code   RO         3029    i.Chassis_Speed_Cal  chassistask.o
    0x08002514   0x08002514   0x000000ac   Code   RO         3030    i.Chassis_task      chassistask.o
    0x080025c0   0x080025c0   0x00000012   Code   RO         1030    i.CheckITStatus     stm32f4xx_can.o
    0x080025d2   0x080025d2   0x00000002   PAD
    0x080025d4   0x080025d4   0x00000044   Code   RO         3031    i.Current_Filter_Excu  chassistask.o
    0x08002618   0x08002618   0x000000b8   Code   RO         3032    i.Current_Set_Jump  chassistask.o
    0x080026d0   0x080026d0   0x00000080   Code   RO          636    i.DAC1_Init         dac.o
    0x08002750   0x08002750   0x00000028   Code   RO         2863    i.DAC_Cmd           stm32f4xx_dac.o
    0x08002778   0x08002778   0x00000034   Code   RO         2871    i.DAC_Init          stm32f4xx_dac.o
    0x080027ac   0x080027ac   0x00000020   Code   RO         2872    i.DAC_SetChannel1Data  stm32f4xx_dac.o
    0x080027cc   0x080027cc   0x00000020   Code   RO         2873    i.DAC_SetChannel2Data  stm32f4xx_dac.o
    0x080027ec   0x080027ec   0x0000002c   Code   RO          393    i.DMA1_Stream2_IRQHandler  uart4.o
    0x08002818   0x08002818   0x00000034   Code   RO          394    i.DMA1_Stream4_IRQHandler  uart4.o
    0x0800284c   0x0800284c   0x00000034   Code   RO         1169    i.DMA_ClearFlag     stm32f4xx_dma.o
    0x08002880   0x08002880   0x00000034   Code   RO         1170    i.DMA_ClearITPendingBit  stm32f4xx_dma.o
    0x080028b4   0x080028b4   0x00000016   Code   RO         1171    i.DMA_Cmd           stm32f4xx_dma.o
    0x080028ca   0x080028ca   0x00000002   PAD
    0x080028cc   0x080028cc   0x00000158   Code   RO         1172    i.DMA_DeInit        stm32f4xx_dma.o
    0x08002a24   0x08002a24   0x00000044   Code   RO         1180    i.DMA_GetFlagStatus  stm32f4xx_dma.o
    0x08002a68   0x08002a68   0x00000064   Code   RO         1181    i.DMA_GetITStatus   stm32f4xx_dma.o
    0x08002acc   0x08002acc   0x0000003a   Code   RO         1182    i.DMA_ITConfig      stm32f4xx_dma.o
    0x08002b06   0x08002b06   0x00000002   PAD
    0x08002b08   0x08002b08   0x00000058   Code   RO         1183    i.DMA_Init          stm32f4xx_dma.o
    0x08002b60   0x08002b60   0x00000002   Code   RO          226    i.DebugMon_Handler  stm32f4xx_it.o
    0x08002b62   0x08002b62   0x00000002   PAD
    0x08002b64   0x08002b64   0x00000010   Code   RO         3120    i.F405_Rst          datareceivetask.o
    0x08002b74   0x08002b74   0x000000c0   Code   RO         3450    i.Fir               fir.o
    0x08002c34   0x08002c34   0x00000090   Code   RO         1617    i.GPIO_Init         stm32f4xx_gpio.o
    0x08002cc4   0x08002cc4   0x00000046   Code   RO         1618    i.GPIO_PinAFConfig  stm32f4xx_gpio.o
    0x08002d0a   0x08002d0a   0x00000004   Code   RO         1624    i.GPIO_ResetBits    stm32f4xx_gpio.o
    0x08002d0e   0x08002d0e   0x00000004   Code   RO         1625    i.GPIO_SetBits      stm32f4xx_gpio.o
    0x08002d12   0x08002d12   0x00000002   PAD
    0x08002d14   0x08002d14   0x00000034   Code   RO         3360    i.Get_CRC16_Check_Sum  algorithmofcrc.o
    0x08002d48   0x08002d48   0x00000024   Code   RO         3361    i.Get_CRC8_Check_Sum  algorithmofcrc.o
    0x08002d6c   0x08002d6c   0x00000080   Code   RO         3200    i.GraphicSendtask   graphicssendtask.o
    0x08002dec   0x08002dec   0x000001ac   Code   RO         3201    i.Graphic_Change_Check  graphicssendtask.o
    0x08002f98   0x08002f98   0x00000004   Code   RO          227    i.HardFault_Handler  stm32f4xx_it.o
    0x08002f9c   0x08002f9c   0x0000011c   Code   RO         3033    i.HeatControl       chassistask.o
    0x080030b8   0x080030b8   0x000000c4   Code   RO         3034    i.HeatUpdate        chassistask.o
    0x0800317c   0x0800317c   0x00000038   Code   RO          562    i.IIC_Ack           i2c.o
    0x080031b4   0x080031b4   0x00000038   Code   RO          563    i.IIC_NAck          i2c.o
    0x080031ec   0x080031ec   0x0000004c   Code   RO          564    i.IIC_Read_Byte     i2c.o
    0x08003238   0x08003238   0x00000060   Code   RO          565    i.IIC_Send_Byte     i2c.o
    0x08003298   0x08003298   0x00000038   Code   RO          566    i.IIC_Start         i2c.o
    0x080032d0   0x080032d0   0x00000034   Code   RO          567    i.IIC_Stop          i2c.o
    0x08003304   0x08003304   0x00000048   Code   RO          568    i.IIC_Wait_Ack      i2c.o
    0x0800334c   0x0800334c   0x00000060   Code   RO          521    i.INA260_Read       ina260.o
    0x080033ac   0x080033ac   0x00000088   Code   RO          522    i.INA_READ_Current  ina260.o
    0x08003434   0x08003434   0x00000048   Code   RO          523    i.INA_READ_Power    ina260.o
    0x0800347c   0x0800347c   0x00000088   Code   RO          524    i.INA_READ_Vol      ina260.o
    0x08003504   0x08003504   0x00000028   Code   RO          495    i.IWDG_Config       iwdg.o
    0x0800352c   0x0800352c   0x00000010   Code   RO          496    i.IWDG_Feed         iwdg.o
    0x0800353c   0x0800353c   0x000001f0   Code   RO         3121    i.JudgeBuffReceive  datareceivetask.o
    0x0800372c   0x0800372c   0x00000080   Code   RO         2979    i.JudgementCustomizeChar  charsendtask.o
    0x080037ac   0x080037ac   0x00000080   Code   RO         3202    i.JudgementCustomizeGraphics  graphicssendtask.o
    0x0800382c   0x0800382c   0x0000017c   Code   RO         2980    i.Load_Char_Init    charsendtask.o
    0x080039a8   0x080039a8   0x00000004   Code   RO          228    i.MemManage_Handler  stm32f4xx_it.o
    0x080039ac   0x080039ac   0x00000108   Code   RO         3035    i.Method_Check      chassistask.o
    0x08003ab4   0x08003ab4   0x00000002   Code   RO          229    i.NMI_Handler       stm32f4xx_it.o
    0x08003ab6   0x08003ab6   0x00000002   PAD
    0x08003ab8   0x08003ab8   0x00000078   Code   RO          720    i.NVIC_Init         misc.o
    0x08003b30   0x08003b30   0x0000003c   Code   RO            3    i.Offline_Check_task  main.o
    0x08003b6c   0x08003b6c   0x00000144   Code   RO         3475    i.PID_Calc          pid.o
    0x08003cb0   0x08003cb0   0x00000040   Code   RO         3266    i.Pid_ChargeCal_Init  powercontroltask.o
    0x08003cf0   0x08003cf0   0x0000013c   Code   RO         3036    i.Pid_ChassisWheelInit  chassistask.o
    0x08003e2c   0x08003e2c   0x00000044   Code   RO         3267    i.PowerControl_task  powercontroltask.o
    0x08003e70   0x08003e70   0x0000047c   Code   RO         3037    i.PowerLimit        chassistask.o
    0x080042ec   0x080042ec   0x00000020   Code   RO         2527    i.RCC_AHB1PeriphClockCmd  stm32f4xx_rcc.o
    0x0800430c   0x0800430c   0x00000020   Code   RO         2536    i.RCC_APB1PeriphClockCmd  stm32f4xx_rcc.o
    0x0800432c   0x0800432c   0x00000020   Code   RO         2538    i.RCC_APB1PeriphResetCmd  stm32f4xx_rcc.o
    0x0800434c   0x0800434c   0x00000020   Code   RO         2539    i.RCC_APB2PeriphClockCmd  stm32f4xx_rcc.o
    0x0800436c   0x0800436c   0x00000020   Code   RO         2541    i.RCC_APB2PeriphResetCmd  stm32f4xx_rcc.o
    0x0800438c   0x0800438c   0x000000e8   Code   RO         2548    i.RCC_GetClocksFreq  stm32f4xx_rcc.o
    0x08004474   0x08004474   0x00000038   Code   RO          569    i.SDA_IN            i2c.o
    0x080044ac   0x080044ac   0x00000034   Code   RO          570    i.SDA_OUT           i2c.o
    0x080044e0   0x080044e0   0x000000ec   Code   RO          310    i.SetSysClock       system_stm32f4xx.o
    0x080045cc   0x080045cc   0x00000002   Code   RO          230    i.SysTick_Handler   stm32f4xx_it.o
    0x080045ce   0x080045ce   0x00000002   PAD
    0x080045d0   0x080045d0   0x00000068   Code   RO          312    i.SystemInit        system_stm32f4xx.o
    0x08004638   0x08004638   0x0000004c   Code   RO            4    i.System_Config     main.o
    0x08004684   0x08004684   0x00000010   Code   RO            5    i.System_Init       main.o
    0x08004694   0x08004694   0x00000068   Code   RO          460    i.TIM2_Configuration  tim2.o
    0x080046fc   0x080046fc   0x00000024   Code   RO          461    i.TIM2_IRQHandler   tim2.o
    0x08004720   0x08004720   0x00000060   Code   RO          428    i.TIM4_Configuration  tim4.o
    0x08004780   0x08004780   0x00000028   Code   RO          429    i.TIM4_IRQHandler   tim4.o
    0x080047a8   0x080047a8   0x00000006   Code   RO         1780    i.TIM_ClearFlag     stm32f4xx_tim.o
    0x080047ae   0x080047ae   0x00000006   Code   RO         1781    i.TIM_ClearITPendingBit  stm32f4xx_tim.o
    0x080047b4   0x080047b4   0x00000018   Code   RO         1786    i.TIM_Cmd           stm32f4xx_tim.o
    0x080047cc   0x080047cc   0x00000006   Code   RO         1805    i.TIM_GetCounter    stm32f4xx_tim.o
    0x080047d2   0x080047d2   0x00000022   Code   RO         1807    i.TIM_GetITStatus   stm32f4xx_tim.o
    0x080047f4   0x080047f4   0x00000012   Code   RO         1811    i.TIM_ITConfig      stm32f4xx_tim.o
    0x08004806   0x08004806   0x00000004   Code   RO         1852    i.TIM_SetCounter    stm32f4xx_tim.o
    0x0800480a   0x0800480a   0x00000002   PAD
    0x0800480c   0x0800480c   0x00000084   Code   RO         1858    i.TIM_TimeBaseInit  stm32f4xx_tim.o
    0x08004890   0x08004890   0x000001a4   Code   RO          395    i.UART4_Configuration  uart4.o
    0x08004a34   0x08004a34   0x000000c0   Code   RO          373    i.USART2_Configuration  usart2.o
    0x08004af4   0x08004af4   0x00000012   Code   RO         2332    i.USART_ClearFlag   stm32f4xx_usart.o
    0x08004b06   0x08004b06   0x00000018   Code   RO         2336    i.USART_Cmd         stm32f4xx_usart.o
    0x08004b1e   0x08004b1e   0x00000012   Code   RO         2337    i.USART_DMACmd      stm32f4xx_usart.o
    0x08004b30   0x08004b30   0x000000f0   Code   RO         2338    i.USART_DeInit      stm32f4xx_usart.o
    0x08004c20   0x08004c20   0x0000001a   Code   RO         2339    i.USART_GetFlagStatus  stm32f4xx_usart.o
    0x08004c3a   0x08004c3a   0x00000002   PAD
    0x08004c3c   0x08004c3c   0x000000d4   Code   RO         2343    i.USART_Init        stm32f4xx_usart.o
    0x08004d10   0x08004d10   0x00000008   Code   RO         2353    i.USART_SendData    stm32f4xx_usart.o
    0x08004d18   0x08004d18   0x00000004   Code   RO          231    i.UsageFault_Handler  stm32f4xx_it.o
    0x08004d1c   0x08004d1c   0x00000040   Code   RO         3362    i.Verify_CRC16_Check_Sum  algorithmofcrc.o
    0x08004d5c   0x08004d5c   0x0000002e   Code   RO         3363    i.Verify_CRC8_Check_Sum  algorithmofcrc.o
    0x08004d8a   0x08004d8a   0x0000000e   Code   RO         4666    i.__scatterload_copy  mc_w.l(handlers.o)
    0x08004d98   0x08004d98   0x00000002   Code   RO         4667    i.__scatterload_null  mc_w.l(handlers.o)
    0x08004d9a   0x08004d9a   0x0000000e   Code   RO         4668    i.__scatterload_zeroinit  mc_w.l(handlers.o)
    0x08004da8   0x08004da8   0x00000034   Code   RO          462    i.delay_us          tim2.o
    0x08004ddc   0x08004ddc   0x00000034   Code   RO          571    i.i2c_init          i2c.o
    0x08004e10   0x08004e10   0x00000014   Code   RO            6    i.main              main.o
    0x08004e24   0x08004e24   0x00000098   Code   RO         3837    i.prvAddCurrentTaskToDelayedList  tasks.o
    0x08004ebc   0x08004ebc   0x000000b8   Code   RO         3838    i.prvAddNewTaskToReadyList  tasks.o
    0x08004f74   0x08004f74   0x00000064   Code   RO         3839    i.prvCheckTasksWaitingTermination  tasks.o
    0x08004fd8   0x08004fd8   0x00000012   Code   RO         3840    i.prvDeleteTCB      tasks.o
    0x08004fea   0x08004fea   0x00000002   PAD
    0x08004fec   0x08004fec   0x0000007c   Code   RO         4204    i.prvHeapInit       heap_4.o
    0x08005068   0x08005068   0x00000028   Code   RO         3841    i.prvIdleTask       tasks.o
    0x08005090   0x08005090   0x00000090   Code   RO         3842    i.prvInitialiseNewTask  tasks.o
    0x08005120   0x08005120   0x00000068   Code   RO         3843    i.prvInitialiseTaskLists  tasks.o
    0x08005188   0x08005188   0x00000068   Code   RO         4205    i.prvInsertBlockIntoFreeList  heap_4.o
    0x080051f0   0x080051f0   0x00000034   Code   RO         3845    i.prvResetNextTaskUnblockTime  tasks.o
    0x08005224   0x08005224   0x00000016   Code   RO         3846    i.prvTaskCheckFreeStackSpace  tasks.o
    0x0800523a   0x0800523a   0x00000016   Code   RO         4262    i.prvTaskExitError  port.o
    0x08005250   0x08005250   0x000000d0   Code   RO         4206    i.pvPortMalloc      heap_4.o
    0x08005320   0x08005320   0x0000002c   Code   RO         4263    i.pxPortInitialiseStack  port.o
    0x0800534c   0x0800534c   0x000013b8   Code   RO         3203    i.referee_data_load_Graphic  graphicssendtask.o
    0x08006704   0x08006704   0x000009b4   Code   RO         2981    i.referee_data_load_String  charsendtask.o
    0x080070b8   0x080070b8   0x000000a8   Code   RO         3206    i.referee_data_pack_handle  graphicssendtask.o
    0x08007160   0x08007160   0x0000002c   Code   RO         3324    i.startTast         starttask.o
    0x0800718c   0x0800718c   0x00000128   Code   RO         3325    i.start_task        starttask.o
    0x080072b4   0x080072b4   0x00000028   Code   RO         3618    i.uxListRemove      list.o
    0x080072dc   0x080072dc   0x00000028   Code   RO         3851    i.uxTaskGetStackHighWaterMark  tasks.o
    0x08007304   0x08007304   0x0000001a   Code   RO         3619    i.vListInitialise   list.o
    0x0800731e   0x0800731e   0x00000006   Code   RO         3620    i.vListInitialiseItem  list.o
    0x08007324   0x08007324   0x00000034   Code   RO         3621    i.vListInsert       list.o
    0x08007358   0x08007358   0x00000018   Code   RO         3622    i.vListInsertEnd    list.o
    0x08007370   0x08007370   0x00000024   Code   RO         4265    i.vPortEnterCritical  port.o
    0x08007394   0x08007394   0x00000020   Code   RO         4266    i.vPortExitCritical  port.o
    0x080073b4   0x080073b4   0x00000048   Code   RO         4207    i.vPortFree         heap_4.o
    0x080073fc   0x080073fc   0x00000020   Code   RO         4267    i.vPortSetupTimerInterrupt  port.o
    0x0800741c   0x0800741c   0x00000034   Code   RO         3857    i.vTaskDelay        tasks.o
    0x08007450   0x08007450   0x00000074   Code   RO         3858    i.vTaskDelayUntil   tasks.o
    0x080074c4   0x080074c4   0x000000cc   Code   RO         3859    i.vTaskDelete       tasks.o
    0x08007590   0x08007590   0x0000006c   Code   RO         3872    i.vTaskStartScheduler  tasks.o
    0x080075fc   0x080075fc   0x00000010   Code   RO         3874    i.vTaskSuspendAll   tasks.o
    0x0800760c   0x0800760c   0x000000a0   Code   RO         3875    i.vTaskSwitchContext  tasks.o
    0x080076ac   0x080076ac   0x00000048   Code   RO         4268    i.xPortStartScheduler  port.o
    0x080076f4   0x080076f4   0x00000060   Code   RO         3877    i.xTaskCreate       tasks.o
    0x08007754   0x08007754   0x0000000c   Code   RO         3881    i.xTaskGetTickCount  tasks.o
    0x08007760   0x08007760   0x0000011c   Code   RO         3883    i.xTaskIncrementTick  tasks.o
    0x0800787c   0x0800787c   0x000000e8   Code   RO         3888    i.xTaskResumeAll    tasks.o
    0x08007964   0x08007964   0x00000302   Data   RO         3364    .constdata          algorithmofcrc.o
    0x08007c66   0x08007c66   0x00000002   PAD
    0x08007c68   0x08007c68   0x00000018   Data   RO         3452    .constdata          fir.o
    0x08007c80   0x08007c80   0x00000020   Data   RO         4664    Region$$Table       anon$$obj.o


    Execution Region RW_IRAM1 (Exec base: 0x20000000, Load base: 0x08007ca0, Size: 0x000039c0, Max: 0x00020000, ABSOLUTE, COMPRESSED[0x00000148])

    Exec Addr    Load Addr    Size         Type   Attr      Idx    E Section Name        Object

    0x20000000   COMPRESSED   0x00000008   Data   RW            7    .data               main.o
    0x20000008   COMPRESSED   0x00000014   Data   RW          313    .data               system_stm32f4xx.o
    0x2000001c   COMPRESSED   0x00000004   Data   RW          430    .data               tim4.o
    0x20000020   COMPRESSED   0x00000004   Data   RW          463    .data               tim2.o
    0x20000024   COMPRESSED   0x00000010   Data   RW         2580    .data               stm32f4xx_rcc.o
    0x20000034   COMPRESSED   0x000000c8   Data   RW         2983    .data               charsendtask.o
    0x200000fc   COMPRESSED   0x00000060   Data   RW         3040    .data               chassistask.o
    0x2000015c   COMPRESSED   0x00000006   Data   RW         3123    .data               datareceivetask.o
    0x20000162   COMPRESSED   0x00000002   PAD
    0x20000164   COMPRESSED   0x0000014c   Data   RW         3208    .data               graphicssendtask.o
    0x200002b0   COMPRESSED   0x00000048   Data   RW         3270    .data               powercontroltask.o
    0x200002f8   COMPRESSED   0x00000020   Data   RW         3326    .data               starttask.o
    0x20000318   COMPRESSED   0x00000002   Data   RW         3365    .data               algorithmofcrc.o
    0x2000031a   COMPRESSED   0x00000002   PAD
    0x2000031c   COMPRESSED   0x00000044   Data   RW         3891    .data               tasks.o
    0x20000360   COMPRESSED   0x00000018   Data   RW         4212    .data               heap_4.o
    0x20000378   COMPRESSED   0x00000004   Data   RW         4270    .data               port.o
    0x2000037c        -       0x000000b4   Zero   RW          348    .bss                adc.o
    0x20000430        -       0x000000ad   Zero   RW          396    .bss                uart4.o
    0x200004dd   COMPRESSED   0x00000003   PAD
    0x200004e0        -       0x00000020   Zero   RW          525    .bss                ina260.o
    0x20000500        -       0x00000014   Zero   RW          664    .bss                can2.o
    0x20000514        -       0x00000014   Zero   RW          693    .bss                can1.o
    0x20000528        -       0x00000043   Zero   RW         2982    .bss                charsendtask.o
    0x2000056b   COMPRESSED   0x00000001   PAD
    0x2000056c        -       0x000002e0   Zero   RW         3038    .bss                chassistask.o
    0x2000084c        -       0x000000b6   Zero   RW         3122    .bss                datareceivetask.o
    0x20000902   COMPRESSED   0x00000002   PAD
    0x20000904        -       0x00000108   Zero   RW         3207    .bss                graphicssendtask.o
    0x20000a0c        -       0x00000050   Zero   RW         3268    .bss                powercontroltask.o
    0x20000a5c        -       0x00000080   Zero   RW         3451    .bss                fir.o
    0x20000adc        -       0x000002e4   Zero   RW         3890    .bss                tasks.o
    0x20000dc0        -       0x00002800   Zero   RW         4211    .bss                heap_4.o
    0x200035c0        -       0x00000400   Zero   RW         2518    STACK               startup_stm32f40_41xxx.o


==============================================================================

Image component sizes


      Code (inc. data)   RO Data    RW Data    ZI Data      Debug   Object Name

       284         22          0          0        180       1329   adc.o
       282         20        770          2          0       5114   algorithmofcrc.o
       360         20          0          0         20       1538   can1.o
       320         20          0          0         20       1530   can2.o
      3252        242          0        200         67       5359   charsendtask.o
      4320        422          0         96        736      10087   chassistask.o
       128          6          0          0          0        628   dac.o
       988         48          0          6        182       3544   datareceivetask.o
       264         14          0          0          0       1993   datasendtask.o
         0          0          0          0          0       1456   event_groups.o
       192         16         24          0        128       1417   fir.o
      5900        264          0        332        264       8314   graphicssendtask.o
       508         62          0         24      10240       3887   heap_4.o
       624         78          0          0          0       5373   i2c.o
       440         40          0          0         32       2629   ina260.o
        56         10          0          0          0        986   iwdg.o
       148          0          0          0          0       3262   list.o
       172         16          0          8          0     339234   main.o
       120         14          0          0          0       1012   misc.o
       324          0          0          0          0        975   pid.o
       420         52          0          4          0       8910   port.o
      1600        256          0         72         80       5446   powercontroltask.o
       368        176          0         32          0       2041   starttask.o
        36          8        392          0       1024        848   startup_stm32f40_41xxx.o
       414         34          0          0          0       5477   stm32f4xx_adc.o
      1654         22          0          0          0       7580   stm32f4xx_can.o
       156         24          0          0          0       3077   stm32f4xx_dac.o
       784         86          0          0          0       6575   stm32f4xx_dma.o
       222          0          0          0          0       2903   stm32f4xx_gpio.o
        22          0          0          0          0       3179   stm32f4xx_it.o
       392         48          0         16          0       5821   stm32f4xx_rcc.o
       230         28          0          0          0       5368   stm32f4xx_tim.o
       546         42          0          0          0       5160   stm32f4xx_usart.o
       340         32          0         20          0       1749   system_stm32f4xx.o
      2136        338          0         68        740      25479   tasks.o
       192          4          0          4          0       1828   tim2.o
       136         14          0          4          0       1569   tim4.o
       516         48          0          0        173       2461   uart4.o
       192          8          0          0          0        683   usart2.o

    ----------------------------------------------------------------------
     29064       2534       1220        892      13892     495821   Object Totals
         0          0         32          0          0          0   (incl. Generated)
        26          0          2          4          6          0   (incl. Padding)

    ----------------------------------------------------------------------

      Code (inc. data)   RO Data    RW Data    ZI Data      Debug   Library Member Name

        94          0          0          0          0          0   __dclz77c.o
         0          0          0          0          0          0   entry.o
         0          0          0          0          0          0   entry10a.o
         0          0          0          0          0          0   entry11a.o
         8          4          0          0          0          0   entry2.o
         4          0          0          0          0          0   entry5.o
         0          0          0          0          0          0   entry7b.o
         0          0          0          0          0          0   entry8b.o
         8          4          0          0          0          0   entry9a.o
        30          0          0          0          0          0   handlers.o
        36          8          0          0          0         68   init.o
         0          0          0          0          0          0   iusefp.o
        30          0          0          0          0         68   llshl.o
        36          0          0          0          0         68   llsshr.o
        32          0          0          0          0         68   llushr.o
        36          0          0          0          0         68   memcpya.o
        36          0          0          0          0        108   memseta.o
        18          0          0          0          0         68   strcpy.o
        14          0          0          0          0         68   strlen.o
        56          0          0          0          0         88   d2f.o
       334          0          0          0          0        148   dadd.o
       222          0          0          0          0        100   ddiv.o
       186          0          0          0          0        176   depilogue.o
        62          0          0          0          0         80   dfixi.o
       228          0          0          0          0         96   dmul.o
        38          0          0          0          0         68   f2d.o
       110          0          0          0          0        168   fepilogue.o

    ----------------------------------------------------------------------
      1620         16          0          0          0       1508   Library Totals
         2          0          0          0          0          0   (incl. Padding)

    ----------------------------------------------------------------------

      Code (inc. data)   RO Data    RW Data    ZI Data      Debug   Library Name

       382         16          0          0          0        584   mc_w.l
      1236          0          0          0          0        924   mf_w.l

    ----------------------------------------------------------------------
      1620         16          0          0          0       1508   Library Totals

    ----------------------------------------------------------------------

==============================================================================


      Code (inc. data)   RO Data    RW Data    ZI Data      Debug   

     30684       2550       1220        892      13892     479937   Grand Totals
     30684       2550       1220        328      13892     479937   ELF Image Totals (compressed)
     30684       2550       1220        328          0          0   ROM Totals

==============================================================================

    Total RO  Size (Code + RO Data)                31904 (  31.16kB)
    Total RW  Size (RW Data + ZI Data)             14784 (  14.44kB)
    Total ROM Size (Code + RO Data + RW Data)      32232 (  31.48kB)

==============================================================================

